

================================================================
== Vitis HLS Report for 'array_io'
================================================================
* Date:           Mon Mar 13 01:36:56 2023

* Version:        2022.1 (Build 3526262 on Mon Apr 18 15:48:16 MDT 2022)
* Project:        array_io_prj
* Solution:       solution6 (Vivado IP Flow Target)
* Product family: virtexuplus
* Target device:  xcvu9p-flgb2104-1-e


================================================================
== Performance Estimates
================================================================
+ Timing: 
    * Summary: 
    +--------+---------+----------+------------+
    |  Clock |  Target | Estimated| Uncertainty|
    +--------+---------+----------+------------+
    |ap_clk  |  4.00 ns|  2.581 ns|     1.08 ns|
    +--------+---------+----------+------------+

+ Latency: 
    * Summary: 
    +---------+---------+-----------+-----------+-----+-----+---------+
    |  Latency (cycles) |   Latency (absolute)  |  Interval | Pipeline|
    |   min   |   max   |    min    |    max    | min | max |   Type  |
    +---------+---------+-----------+-----------+-----+-----+---------+
    |       17|       17|  68.000 ns|  68.000 ns|   18|   18|       no|
    +---------+---------+-----------+-----------+-----+-----+---------+

    + Detail: 
        * Instance: 
        N/A

        * Loop: 
        N/A



================================================================
== Utilization Estimates
================================================================
* Summary: 
+---------------------+---------+------+---------+---------+-----+
|         Name        | BRAM_18K|  DSP |    FF   |   LUT   | URAM|
+---------------------+---------+------+---------+---------+-----+
|DSP                  |        -|     -|        -|        -|    -|
|Expression           |        -|     -|        0|     1642|    -|
|FIFO                 |        -|     -|        -|        -|    -|
|Instance             |        -|     -|        -|        -|    -|
|Memory               |        -|     -|        -|        -|    -|
|Multiplexer          |        -|     -|        -|      473|    -|
|Register             |        -|     -|     1242|        -|    -|
+---------------------+---------+------+---------+---------+-----+
|Total                |        0|     0|     1242|     2115|    0|
+---------------------+---------+------+---------+---------+-----+
|Available SLR        |     1440|  2280|   788160|   394080|  320|
+---------------------+---------+------+---------+---------+-----+
|Utilization SLR (%)  |        0|     0|       ~0|       ~0|    0|
+---------------------+---------+------+---------+---------+-----+
|Available            |     4320|  6840|  2364480|  1182240|  960|
+---------------------+---------+------+---------+---------+-----+
|Utilization (%)      |        0|     0|       ~0|       ~0|    0|
+---------------------+---------+------+---------+---------+-----+

+ Detail: 
    * Instance: 
    N/A

    * DSP: 
    N/A

    * Memory: 
    N/A

    * FIFO: 
    N/A

    * Expression: 
    +------------------------+----------+----+---+----+------------+------------+
    |      Variable Name     | Operation| DSP| FF| LUT| Bitwidth P0| Bitwidth P1|
    +------------------------+----------+----+---+----+------------+------------+
    |add_ln67_10_fu_788_p2   |         +|   0|  0|  25|          18|          18|
    |add_ln67_12_fu_810_p2   |         +|   0|  0|  32|          32|          32|
    |add_ln67_13_fu_636_p2   |         +|   0|  0|  24|          17|          17|
    |add_ln67_14_fu_818_p2   |         +|   0|  0|  25|          18|          18|
    |add_ln67_16_fu_904_p2   |         +|   0|  0|  32|          32|          32|
    |add_ln67_17_fu_844_p2   |         +|   0|  0|  24|          17|          17|
    |add_ln67_18_fu_912_p2   |         +|   0|  0|  25|          18|          18|
    |add_ln67_1_fu_606_p2    |         +|   0|  0|  24|          17|          17|
    |add_ln67_20_fu_934_p2   |         +|   0|  0|  32|          32|          32|
    |add_ln67_21_fu_854_p2   |         +|   0|  0|  24|          17|          17|
    |add_ln67_22_fu_942_p2   |         +|   0|  0|  25|          18|          18|
    |add_ln67_24_fu_964_p2   |         +|   0|  0|  32|          32|          32|
    |add_ln67_25_fu_864_p2   |         +|   0|  0|  24|          17|          17|
    |add_ln67_26_fu_972_p2   |         +|   0|  0|  25|          18|          18|
    |add_ln67_28_fu_994_p2   |         +|   0|  0|  32|          32|          32|
    |add_ln67_29_fu_874_p2   |         +|   0|  0|  24|          17|          17|
    |add_ln67_2_fu_728_p2    |         +|   0|  0|  25|          18|          18|
    |add_ln67_30_fu_1002_p2  |         +|   0|  0|  25|          18|          18|
    |add_ln67_4_fu_750_p2    |         +|   0|  0|  32|          32|          32|
    |add_ln67_5_fu_616_p2    |         +|   0|  0|  24|          17|          17|
    |add_ln67_6_fu_758_p2    |         +|   0|  0|  25|          18|          18|
    |add_ln67_8_fu_780_p2    |         +|   0|  0|  32|          32|          32|
    |add_ln67_9_fu_626_p2    |         +|   0|  0|  24|          17|          17|
    |add_ln67_fu_720_p2      |         +|   0|  0|  32|          32|          32|
    |add_ln69_10_fu_554_p2   |         +|   0|  0|  23|          16|          16|
    |add_ln69_11_fu_559_p2   |         +|   0|  0|  23|          16|          16|
    |add_ln69_12_fu_670_p2   |         +|   0|  0|  23|          16|          16|
    |add_ln69_13_fu_675_p2   |         +|   0|  0|  23|          16|          16|
    |add_ln69_14_fu_680_p2   |         +|   0|  0|  23|          16|          16|
    |add_ln69_15_fu_684_p2   |         +|   0|  0|  23|          16|          16|
    |add_ln69_16_fu_568_p2   |         +|   0|  0|  23|          16|          16|
    |add_ln69_17_fu_577_p2   |         +|   0|  0|  23|          16|          16|
    |add_ln69_18_fu_586_p2   |         +|   0|  0|  23|          16|          16|
    |add_ln69_19_fu_596_p2   |         +|   0|  0|  23|          16|          16|
    |add_ln69_1_fu_451_p2    |         +|   0|  0|  23|          16|          16|
    |add_ln69_20_fu_691_p2   |         +|   0|  0|  23|          16|          16|
    |add_ln69_21_fu_699_p2   |         +|   0|  0|  23|          16|          16|
    |add_ln69_22_fu_707_p2   |         +|   0|  0|  23|          16|          16|
    |add_ln69_23_fu_715_p2   |         +|   0|  0|  23|          16|          16|
    |add_ln69_24_fu_1024_p2  |         +|   0|  0|  23|          16|          16|
    |add_ln69_25_fu_1029_p2  |         +|   0|  0|  23|          16|          16|
    |add_ln69_26_fu_1034_p2  |         +|   0|  0|  23|          16|          16|
    |add_ln69_27_fu_1039_p2  |         +|   0|  0|  23|          16|          16|
    |add_ln69_28_fu_1044_p2  |         +|   0|  0|  23|          16|          16|
    |add_ln69_29_fu_1049_p2  |         +|   0|  0|  23|          16|          16|
    |add_ln69_2_fu_466_p2    |         +|   0|  0|  23|          16|          16|
    |add_ln69_30_fu_1054_p2  |         +|   0|  0|  23|          16|          16|
    |add_ln69_31_fu_1059_p2  |         +|   0|  0|  23|          16|          16|
    |add_ln69_3_fu_481_p2    |         +|   0|  0|  23|          16|          16|
    |add_ln69_4_fu_496_p2    |         +|   0|  0|  23|          16|          16|
    |add_ln69_5_fu_510_p2    |         +|   0|  0|  23|          16|          16|
    |add_ln69_6_fu_524_p2    |         +|   0|  0|  23|          16|          16|
    |add_ln69_7_fu_538_p2    |         +|   0|  0|  23|          16|          16|
    |add_ln69_8_fu_544_p2    |         +|   0|  0|  23|          16|          16|
    |add_ln69_9_fu_549_p2    |         +|   0|  0|  23|          16|          16|
    |add_ln69_fu_436_p2      |         +|   0|  0|  23|          16|          16|
    |temp_1_fu_768_p2        |         +|   0|  0|  32|          32|          32|
    |temp_2_fu_798_p2        |         +|   0|  0|  32|          32|          32|
    |temp_3_fu_828_p2        |         +|   0|  0|  32|          32|          32|
    |temp_4_fu_922_p2        |         +|   0|  0|  32|          32|          32|
    |temp_5_fu_952_p2        |         +|   0|  0|  32|          32|          32|
    |temp_6_fu_982_p2        |         +|   0|  0|  32|          32|          32|
    |temp_7_fu_1012_p2       |         +|   0|  0|  32|          32|          32|
    |temp_fu_738_p2          |         +|   0|  0|  32|          32|          32|
    |ap_block_state10        |        or|   0|  0|   2|           1|           1|
    +------------------------+----------+----+---+----+------------+------------+
    |Total                   |          |   0|  0|1642|        1305|        1305|
    +------------------------+----------+----+---+----+------------+------------+

    * Multiplexer: 
    +----------------+----+-----------+-----+-----------+
    |      Name      | LUT| Input Size| Bits| Total Bits|
    +----------------+----+-----------+-----+-----------+
    |ap_NS_fsm       |  97|         19|    1|         19|
    |d_i_0_address0  |  49|          9|    4|         36|
    |d_i_0_address1  |  49|          9|    4|         36|
    |d_i_1_address0  |  49|          9|    4|         36|
    |d_i_1_address1  |  49|          9|    4|         36|
    |d_o_0_blk_n     |   9|          2|    1|          2|
    |d_o_0_din       |  81|         17|   16|        272|
    |d_o_1_blk_n     |   9|          2|    1|          2|
    |d_o_1_din       |  81|         17|   16|        272|
    +----------------+----+-----------+-----+-----------+
    |Total           | 473|         93|   51|        711|
    +----------------+----+-----------+-----+-----------+

    * Register: 
    +------------------------+----+----+-----+-----------+
    |          Name          | FF | LUT| Bits| Const Bits|
    +------------------------+----+----+-----+-----------+
    |acc_0                   |  32|   0|   32|          0|
    |acc_1                   |  32|   0|   32|          0|
    |acc_2                   |  32|   0|   32|          0|
    |acc_3                   |  32|   0|   32|          0|
    |acc_4                   |  32|   0|   32|          0|
    |acc_5                   |  32|   0|   32|          0|
    |acc_6                   |  32|   0|   32|          0|
    |acc_7                   |  32|   0|   32|          0|
    |add_ln67_13_reg_1413    |  17|   0|   17|          0|
    |add_ln67_17_reg_1472    |  17|   0|   17|          0|
    |add_ln67_1_reg_1398     |  17|   0|   17|          0|
    |add_ln67_21_reg_1477    |  17|   0|   17|          0|
    |add_ln67_25_reg_1482    |  17|   0|   17|          0|
    |add_ln67_29_reg_1487    |  17|   0|   17|          0|
    |add_ln67_5_reg_1403     |  17|   0|   17|          0|
    |add_ln67_9_reg_1408     |  17|   0|   17|          0|
    |add_ln69_14_reg_1438    |  16|   0|   16|          0|
    |add_ln69_15_reg_1443    |  16|   0|   16|          0|
    |add_ln69_16_reg_1374    |  16|   0|   16|          0|
    |add_ln69_17_reg_1380    |  16|   0|   16|          0|
    |add_ln69_18_reg_1386    |  16|   0|   16|          0|
    |add_ln69_19_reg_1392    |  16|   0|   16|          0|
    |add_ln69_1_reg_1115     |  16|   0|   16|          0|
    |add_ln69_20_reg_1448    |  16|   0|   16|          0|
    |add_ln69_21_reg_1454    |  16|   0|   16|          0|
    |add_ln69_22_reg_1460    |  16|   0|   16|          0|
    |add_ln69_23_reg_1466    |  16|   0|   16|          0|
    |add_ln69_24_reg_1492    |  16|   0|   16|          0|
    |add_ln69_25_reg_1497    |  16|   0|   16|          0|
    |add_ln69_26_reg_1502    |  16|   0|   16|          0|
    |add_ln69_27_reg_1507    |  16|   0|   16|          0|
    |add_ln69_28_reg_1512    |  16|   0|   16|          0|
    |add_ln69_29_reg_1517    |  16|   0|   16|          0|
    |add_ln69_2_reg_1167     |  16|   0|   16|          0|
    |add_ln69_30_reg_1522    |  16|   0|   16|          0|
    |add_ln69_31_reg_1527    |  16|   0|   16|          0|
    |add_ln69_3_reg_1175     |  16|   0|   16|          0|
    |add_ln69_4_reg_1227     |  16|   0|   16|          0|
    |add_ln69_5_reg_1235     |  16|   0|   16|          0|
    |add_ln69_6_reg_1287     |  16|   0|   16|          0|
    |add_ln69_7_reg_1295     |  16|   0|   16|          0|
    |add_ln69_8_reg_1320     |  16|   0|   16|          0|
    |add_ln69_9_reg_1325     |  16|   0|   16|          0|
    |add_ln69_reg_1107       |  16|   0|   16|          0|
    |ap_CS_fsm               |  18|   0|   18|          0|
    |d_i_0_load_10_reg_1330  |  16|   0|   16|          0|
    |d_i_0_load_11_reg_1342  |  16|   0|   16|          0|
    |d_i_0_load_2_reg_1120   |  16|   0|   16|          0|
    |d_i_0_load_3_reg_1132   |  16|   0|   16|          0|
    |d_i_0_load_4_reg_1180   |  16|   0|   16|          0|
    |d_i_0_load_5_reg_1192   |  16|   0|   16|          0|
    |d_i_0_load_6_reg_1240   |  16|   0|   16|          0|
    |d_i_0_load_7_reg_1252   |  16|   0|   16|          0|
    |d_i_1_load_10_reg_1336  |  16|   0|   16|          0|
    |d_i_1_load_11_reg_1348  |  16|   0|   16|          0|
    |d_i_1_load_2_reg_1126   |  16|   0|   16|          0|
    |d_i_1_load_3_reg_1138   |  16|   0|   16|          0|
    |d_i_1_load_4_reg_1186   |  16|   0|   16|          0|
    |d_i_1_load_5_reg_1198   |  16|   0|   16|          0|
    |d_i_1_load_6_reg_1246   |  16|   0|   16|          0|
    |d_i_1_load_7_reg_1258   |  16|   0|   16|          0|
    |reg_396                 |  16|   0|   16|          0|
    |reg_400                 |  16|   0|   16|          0|
    |reg_404                 |  16|   0|   16|          0|
    |reg_408                 |  16|   0|   16|          0|
    |reg_412                 |  16|   0|   16|          0|
    |reg_416                 |  16|   0|   16|          0|
    |reg_420                 |  16|   0|   16|          0|
    |reg_424                 |  16|   0|   16|          0|
    +------------------------+----+----+-----+-----------+
    |Total                   |1242|   0| 1242|          0|
    +------------------------+----+----+-----+-----------+



================================================================
== Interface
================================================================
* Summary: 
+----------------+-----+-----+------------+--------------+--------------+
|    RTL Ports   | Dir | Bits|  Protocol  | Source Object|    C Type    |
+----------------+-----+-----+------------+--------------+--------------+
|ap_clk          |   in|    1|  ap_ctrl_hs|      array_io|  return value|
|ap_rst          |   in|    1|  ap_ctrl_hs|      array_io|  return value|
|ap_start        |   in|    1|  ap_ctrl_hs|      array_io|  return value|
|ap_done         |  out|    1|  ap_ctrl_hs|      array_io|  return value|
|ap_idle         |  out|    1|  ap_ctrl_hs|      array_io|  return value|
|ap_ready        |  out|    1|  ap_ctrl_hs|      array_io|  return value|
|d_o_0_din       |  out|   16|     ap_fifo|         d_o_0|       pointer|
|d_o_0_full_n    |   in|    1|     ap_fifo|         d_o_0|       pointer|
|d_o_0_write     |  out|    1|     ap_fifo|         d_o_0|       pointer|
|d_o_1_din       |  out|   16|     ap_fifo|         d_o_1|       pointer|
|d_o_1_full_n    |   in|    1|     ap_fifo|         d_o_1|       pointer|
|d_o_1_write     |  out|    1|     ap_fifo|         d_o_1|       pointer|
|d_i_0_address0  |  out|    4|   ap_memory|         d_i_0|         array|
|d_i_0_ce0       |  out|    1|   ap_memory|         d_i_0|         array|
|d_i_0_q0        |   in|   16|   ap_memory|         d_i_0|         array|
|d_i_0_address1  |  out|    4|   ap_memory|         d_i_0|         array|
|d_i_0_ce1       |  out|    1|   ap_memory|         d_i_0|         array|
|d_i_0_q1        |   in|   16|   ap_memory|         d_i_0|         array|
|d_i_1_address0  |  out|    4|   ap_memory|         d_i_1|         array|
|d_i_1_ce0       |  out|    1|   ap_memory|         d_i_1|         array|
|d_i_1_q0        |   in|   16|   ap_memory|         d_i_1|         array|
|d_i_1_address1  |  out|    4|   ap_memory|         d_i_1|         array|
|d_i_1_ce1       |  out|    1|   ap_memory|         d_i_1|         array|
|d_i_1_q1        |   in|   16|   ap_memory|         d_i_1|         array|
+----------------+-----+-----+------------+--------------+--------------+

