

================================================================
== Vitis HLS Report for 'dft'
================================================================
* Date:           Thu Mar 30 10:43:59 2023

* Version:        2022.1 (Build 3526262 on Mon Apr 18 15:48:16 MDT 2022)
* Project:        DFT_256_baseline
* Solution:       solution1 (Vivado IP Flow Target)
* Product family: zynq
* Target device:  xc7z020-clg400-1


================================================================
== Performance Estimates
================================================================
+ Timing: 
    * Summary: 
    +--------+----------+----------+------------+
    |  Clock |  Target  | Estimated| Uncertainty|
    +--------+----------+----------+------------+
    |ap_clk  |  10.00 ns|  7.297 ns|     2.70 ns|
    +--------+----------+----------+------------+

+ Latency: 
    * Summary: 
    +---------+---------+-----------+-----------+---------+---------+---------+
    |  Latency (cycles) |   Latency (absolute)  |      Interval     | Pipeline|
    |   min   |   max   |    min    |    max    |   min   |   max   |   Type  |
    +---------+---------+-----------+-----------+---------+---------+---------+
    |  6490883|  7015171|  64.909 ms|  70.152 ms|  6490884|  7015172|       no|
    +---------+---------+-----------+-----------+---------+---------+---------+

    + Detail: 
        * Instance: 
        +--------------------------------+---------------------+---------+---------+----------+----------+-----+-----+---------+
        |                                |                     |  Latency (cycles) |  Latency (absolute) |  Interval | Pipeline|
        |            Instance            |        Module       |   min   |   max   |    min   |    max   | min | max |   Type  |
        +--------------------------------+---------------------+---------+---------+----------+----------+-----+-----+---------+
        |grp_sin_or_cos_double_s_fu_251  |sin_or_cos_double_s  |       47|       55|  0.470 us|  0.550 us|   47|   55|       no|
        |grp_sin_or_cos_double_s_fu_270  |sin_or_cos_double_s  |       47|       55|  0.470 us|  0.550 us|   47|   55|       no|
        +--------------------------------+---------------------+---------+---------+----------+----------+-----+-----+---------+

        * Loop: 
        +-------------------+---------+---------+---------------+-----------+-----------+------+----------+
        |                   |  Latency (cycles) |   Iteration   |  Initiation Interval  | Trip |          |
        |     Loop Name     |   min   |   max   |    Latency    |  achieved |   target  | Count| Pipelined|
        +-------------------+---------+---------+---------------+-----------+-----------+------+----------+
        |- READ_LOOP        |      512|      512|              2|          -|          -|   256|        no|
        |- DFT_OUTER_LOOP   |  6489856|  7014144|  25351 ~ 27399|          -|          -|   256|        no|
        | + DFT_INNER_LOOP  |    25344|    27392|       99 ~ 107|          -|          -|   256|        no|
        |- WRITE_LOOP       |      512|      512|              2|          -|          -|   256|        no|
        +-------------------+---------+---------+---------------+-----------+-----------+------+----------+



================================================================
== Utilization Estimates
================================================================
* Summary: 
+-----------------+---------+-----+--------+-------+-----+
|       Name      | BRAM_18K| DSP |   FF   |  LUT  | URAM|
+-----------------+---------+-----+--------+-------+-----+
|DSP              |        -|    -|       -|      -|    -|
|Expression       |        -|    -|       0|    102|    -|
|FIFO             |        -|    -|       -|      -|    -|
|Instance         |       16|  158|   14494|  17586|    -|
|Memory           |        4|    -|       0|      0|    0|
|Multiplexer      |        -|    -|       -|    568|    -|
|Register         |        -|    -|    1058|      -|    -|
+-----------------+---------+-----+--------+-------+-----+
|Total            |       20|  158|   15552|  18256|    0|
+-----------------+---------+-----+--------+-------+-----+
|Available        |      280|  220|  106400|  53200|    0|
+-----------------+---------+-----+--------+-------+-----+
|Utilization (%)  |        7|   71|      14|     34|    0|
+-----------------+---------+-----+--------+-------+-----+

+ Detail: 
    * Instance: 
    +----------------------------------------+------------------------------------+---------+----+------+------+-----+
    |                Instance                |               Module               | BRAM_18K| DSP|  FF  |  LUT | URAM|
    +----------------------------------------+------------------------------------+---------+----+------+------+-----+
    |dadd_64ns_64ns_64_7_full_dsp_1_U38      |dadd_64ns_64ns_64_7_full_dsp_1      |        0|   3|   630|  1141|    0|
    |dadddsub_64ns_64ns_64_7_full_dsp_1_U39  |dadddsub_64ns_64ns_64_7_full_dsp_1  |        0|   3|   630|  1141|    0|
    |dmul_64ns_64ns_64_7_max_dsp_1_U40       |dmul_64ns_64ns_64_7_max_dsp_1       |        0|  11|   342|   586|    0|
    |dmul_64ns_64ns_64_7_max_dsp_1_U41       |dmul_64ns_64ns_64_7_max_dsp_1       |        0|  11|   342|   586|    0|
    |dmul_64ns_64ns_64_7_max_dsp_1_U42       |dmul_64ns_64ns_64_7_max_dsp_1       |        0|  11|   342|   586|    0|
    |dmul_64ns_64ns_64_7_max_dsp_1_U43       |dmul_64ns_64ns_64_7_max_dsp_1       |        0|  11|   342|   586|    0|
    |fpext_32ns_64_2_no_dsp_1_U36            |fpext_32ns_64_2_no_dsp_1            |        0|   0|     0|     0|    0|
    |fpext_32ns_64_2_no_dsp_1_U37            |fpext_32ns_64_2_no_dsp_1            |        0|   0|     0|     0|    0|
    |fptrunc_64ns_32_2_no_dsp_1_U34          |fptrunc_64ns_32_2_no_dsp_1          |        0|   0|     0|     0|    0|
    |fptrunc_64ns_32_2_no_dsp_1_U35          |fptrunc_64ns_32_2_no_dsp_1          |        0|   0|     0|     0|    0|
    |grp_sin_or_cos_double_s_fu_251          |sin_or_cos_double_s                 |        8|  54|  5933|  6480|    0|
    |grp_sin_or_cos_double_s_fu_270          |sin_or_cos_double_s                 |        8|  54|  5933|  6480|    0|
    |sitodp_32ns_64_6_no_dsp_1_U44           |sitodp_32ns_64_6_no_dsp_1           |        0|   0|     0|     0|    0|
    +----------------------------------------+------------------------------------+---------+----+------+------+-----+
    |Total                                   |                                    |       16| 158| 14494| 17586|    0|
    +----------------------------------------+------------------------------------+---------+----+------+------+-----+

    * DSP: 
    N/A

    * Memory: 
    +------------+-----------------------+---------+---+----+-----+------+-----+------+-------------+
    |   Memory   |         Module        | BRAM_18K| FF| LUT| URAM| Words| Bits| Banks| W*Bits*Banks|
    +------------+-----------------------+---------+---+----+-----+------+-----+------+-------------+
    |real_in_U   |real_in_RAM_AUTO_1R1W  |        1|  0|   0|    0|   256|   32|     1|         8192|
    |imag_in_U   |real_in_RAM_AUTO_1R1W  |        1|  0|   0|    0|   256|   32|     1|         8192|
    |real_out_U  |real_in_RAM_AUTO_1R1W  |        1|  0|   0|    0|   256|   32|     1|         8192|
    |imag_out_U  |real_in_RAM_AUTO_1R1W  |        1|  0|   0|    0|   256|   32|     1|         8192|
    +------------+-----------------------+---------+---+----+-----+------+-----+------+-------------+
    |Total       |                       |        4|  0|   0|    0|  1024|  128|     4|        32768|
    +------------+-----------------------+---------+---+----+-----+------+-----+------+-------------+

    * FIFO: 
    N/A

    * Expression: 
    +----------------------------------+----------+----+---+----+------------+------------+
    |           Variable Name          | Operation| DSP| FF| LUT| Bitwidth P0| Bitwidth P1|
    +----------------------------------+----------+----+---+----+------------+------------+
    |add_ln10_fu_386_p2                |         +|   0|  0|  14|           9|           1|
    |add_ln24_fu_427_p2                |         +|   0|  0|  14|           9|           1|
    |add_ln28_fu_457_p2                |         +|   0|  0|  14|           9|           1|
    |add_ln42_fu_491_p2                |         +|   0|  0|  14|           9|           1|
    |icmp_ln10_fu_380_p2               |      icmp|   0|  0|  11|           9|          10|
    |icmp_ln24_fu_421_p2               |      icmp|   0|  0|  11|           9|          10|
    |icmp_ln28_fu_451_p2               |      icmp|   0|  0|  11|           9|          10|
    |icmp_ln42_fu_485_p2               |      icmp|   0|  0|  11|           9|          10|
    |ap_block_state38_on_subcall_done  |        or|   0|  0|   2|           1|           1|
    +----------------------------------+----------+----+---+----+------------+------------+
    |Total                             |          |   0|  0| 102|          73|          45|
    +----------------------------------+----------+----+---+----+------------+------------+

    * Multiplexer: 
    +----------------------+-----+-----------+-----+-----------+
    |         Name         | LUT | Input Size| Bits| Total Bits|
    +----------------------+-----+-----------+-----+-----------+
    |ap_NS_fsm             |  273|         64|    1|         64|
    |conv2514_i_reg_225    |    9|          2|   32|         64|
    |conv4823_i_reg_238    |    9|          2|   32|         64|
    |grp_fu_295_p0         |   14|          3|   32|         96|
    |grp_fu_298_p0         |   14|          3|   32|         96|
    |grp_fu_303_p0         |   14|          3|   64|        192|
    |grp_fu_303_p1         |   14|          3|   64|        192|
    |grp_fu_307_opcode     |   14|          3|    2|          6|
    |grp_fu_307_p0         |   14|          3|   64|        192|
    |grp_fu_307_p1         |   14|          3|   64|        192|
    |grp_fu_311_p0         |   20|          4|   64|        256|
    |grp_fu_311_p1         |   25|          5|   64|        320|
    |grp_fu_329_p0         |   14|          3|   32|         96|
    |i_4_fu_94             |    9|          2|    9|         18|
    |i_fu_70               |    9|          2|    9|         18|
    |imag_in_address0      |   14|          3|    8|         24|
    |imag_out_address0     |   14|          3|    8|         24|
    |imag_sample_address0  |   14|          3|    8|         24|
    |k_fu_90               |    9|          2|    9|         18|
    |n_reg_214             |    9|          2|    9|         18|
    |real_in_address0      |   14|          3|    8|         24|
    |real_out_address0     |   14|          3|    8|         24|
    |real_sample_address0  |   14|          3|    8|         24|
    +----------------------+-----+-----------+-----+-----------+
    |Total                 |  568|        127|  631|       2046|
    +----------------------+-----+-----------+-----+-----------+

    * Register: 
    +---------------------------------------------+----+----+-----+-----------+
    |                     Name                    | FF | LUT| Bits| Const Bits|
    +---------------------------------------------+----+----+-----+-----------+
    |add_ln24_reg_548                             |   9|   0|    9|          0|
    |add_ln28_reg_589                             |   9|   0|    9|          0|
    |ap_CS_fsm                                    |  63|   0|   63|          0|
    |conv2514_i_reg_225                           |  32|   0|   32|          0|
    |conv4823_i_reg_238                           |  32|   0|   32|          0|
    |conv8_i_reg_599                              |  64|   0|   64|          0|
    |conv9_i_reg_575                              |  64|   0|   64|          0|
    |grp_sin_or_cos_double_s_fu_251_ap_start_reg  |   1|   0|    1|          0|
    |grp_sin_or_cos_double_s_fu_270_ap_start_reg  |   1|   0|    1|          0|
    |i_4_fu_94                                    |   9|   0|    9|          0|
    |i_fu_70                                      |   9|   0|    9|          0|
    |imag_in_load_reg_619                         |  32|   0|   32|          0|
    |imag_out_addr_reg_558                        |   8|   0|    8|          0|
    |k_fu_90                                      |   9|   0|    9|          0|
    |mul20_i_reg_636                              |  64|   0|   64|          0|
    |mul34_i_reg_641                              |  64|   0|   64|          0|
    |mul43_i_reg_646                              |  64|   0|   64|          0|
    |n_reg_214                                    |   9|   0|    9|          0|
    |real_in_load_reg_614                         |  32|   0|   32|          0|
    |real_out_addr_reg_553                        |   8|   0|    8|          0|
    |reg_332                                      |  64|   0|   64|          0|
    |reg_340                                      |  64|   0|   64|          0|
    |reg_347                                      |  64|   0|   64|          0|
    |reg_354                                      |  64|   0|   64|          0|
    |reg_360                                      |  64|   0|   64|          0|
    |tmp_reg_624                                  |  64|   0|   64|          0|
    |tmp_s_reg_630                                |  64|   0|   64|          0|
    |zext_ln10_reg_519                            |   9|   0|   64|         55|
    |zext_ln28_reg_580                            |   9|   0|   64|         55|
    |zext_ln42_reg_661                            |   9|   0|   64|         55|
    +---------------------------------------------+----+----+-----+-----------+
    |Total                                        |1058|   0| 1223|        165|
    +---------------------------------------------+----+----+-----+-----------+



================================================================
== Interface
================================================================
* Summary: 
+----------------------+-----+-----+------------+--------------+--------------+
|       RTL Ports      | Dir | Bits|  Protocol  | Source Object|    C Type    |
+----------------------+-----+-----+------------+--------------+--------------+
|ap_clk                |   in|    1|  ap_ctrl_hs|           dft|  return value|
|ap_rst                |   in|    1|  ap_ctrl_hs|           dft|  return value|
|ap_start              |   in|    1|  ap_ctrl_hs|           dft|  return value|
|ap_done               |  out|    1|  ap_ctrl_hs|           dft|  return value|
|ap_idle               |  out|    1|  ap_ctrl_hs|           dft|  return value|
|ap_ready              |  out|    1|  ap_ctrl_hs|           dft|  return value|
|real_sample_address0  |  out|    8|   ap_memory|   real_sample|         array|
|real_sample_ce0       |  out|    1|   ap_memory|   real_sample|         array|
|real_sample_we0       |  out|    1|   ap_memory|   real_sample|         array|
|real_sample_d0        |  out|   32|   ap_memory|   real_sample|         array|
|real_sample_q0        |   in|   32|   ap_memory|   real_sample|         array|
|imag_sample_address0  |  out|    8|   ap_memory|   imag_sample|         array|
|imag_sample_ce0       |  out|    1|   ap_memory|   imag_sample|         array|
|imag_sample_we0       |  out|    1|   ap_memory|   imag_sample|         array|
|imag_sample_d0        |  out|   32|   ap_memory|   imag_sample|         array|
|imag_sample_q0        |   in|   32|   ap_memory|   imag_sample|         array|
+----------------------+-----+-----+------------+--------------+--------------+

