

================================================================
== Vitis HLS Report for 'dct'
================================================================
* Date:           Sat Mar 11 11:25:47 2023

* Version:        2022.1 (Build 3526262 on Mon Apr 18 15:47:01 MDT 2022)
* Project:        dct_prj
* Solution:       DATAFLOW (Vitis Kernel Flow Target)
* Product family: virtexuplus
* Target device:  xcu50-fsvh2104-2L-e


================================================================
== Performance Estimates
================================================================
+ Timing: 
    * Summary: 
    +--------+----------+----------+------------+
    |  Clock |  Target  | Estimated| Uncertainty|
    +--------+----------+----------+------------+
    |ap_clk  |  10.00 ns|  7.300 ns|     2.70 ns|
    +--------+----------+----------+------------+

+ Latency: 
    * Summary: 
    +---------+---------+----------+----------+-----+-----+----------+
    |  Latency (cycles) |  Latency (absolute) |  Interval | Pipeline |
    |   min   |   max   |    min   |    max   | min | max |   Type   |
    +---------+---------+----------+----------+-----+-----+----------+
    |      179|      179|  1.790 us|  1.790 us|   84|   84|  dataflow|
    +---------+---------+----------+----------+-----+-----+----------+

    + Detail: 
        * Instance: 
        +---------------+------------+---------+---------+----------+----------+-----+-----+---------+
        |               |            |  Latency (cycles) |  Latency (absolute) |  Interval | Pipeline|
        |    Instance   |   Module   |   min   |   max   |    min   |    max   | min | max |   Type  |
        +---------------+------------+---------+---------+----------+----------+-----+-----+---------+
        |entry_proc_U0  |entry_proc  |        0|        0|      0 ns|      0 ns|    0|    0|       no|
        |read_data_U0   |read_data   |       83|       83|  0.830 us|  0.830 us|   83|   83|       no|
        |dct_2d_U0      |dct_2d      |       13|       13|  0.130 us|  0.130 us|    2|    2|      yes|
        |write_data_U0  |write_data  |       81|       81|  0.810 us|  0.810 us|   81|   81|       no|
        +---------------+------------+---------+---------+----------+----------+-----+-----+---------+

        * Loop: 
        N/A



================================================================
== Utilization Estimates
================================================================
* Summary: 
+---------------------+---------+------+---------+--------+-----+
|         Name        | BRAM_18K|  DSP |    FF   |   LUT  | URAM|
+---------------------+---------+------+---------+--------+-----+
|DSP                  |        -|     -|        -|       -|    -|
|Expression           |        -|     -|        0|     532|    -|
|FIFO                 |        -|     -|     4615|    2990|    -|
|Instance             |        0|   224|    15754|   20459|    0|
|Memory               |        -|     -|        -|       -|    -|
|Multiplexer          |        -|     -|        -|    1170|    -|
|Register             |        -|     -|      133|       -|    -|
+---------------------+---------+------+---------+--------+-----+
|Total                |        0|   224|    20502|   25151|    0|
+---------------------+---------+------+---------+--------+-----+
|Available SLR        |     1344|  2976|   871680|  435840|  320|
+---------------------+---------+------+---------+--------+-----+
|Utilization SLR (%)  |        0|     7|        2|       5|    0|
+---------------------+---------+------+---------+--------+-----+
|Available            |     2688|  5952|  1743360|  871680|  640|
+---------------------+---------+------+---------+--------+-----+
|Utilization (%)      |        0|     3|        1|       2|    0|
+---------------------+---------+------+---------+--------+-----+

+ Detail: 
    * Instance: 
    +-----------------+---------------+---------+-----+------+------+-----+
    |     Instance    |     Module    | BRAM_18K| DSP |  FF  |  LUT | URAM|
    +-----------------+---------------+---------+-----+------+------+-----+
    |control_s_axi_U  |control_s_axi  |        0|    0|   176|   296|    0|
    |dct_2d_U0        |dct_2d         |        0|  224|  8285|  9175|    0|
    |entry_proc_U0    |entry_proc     |        0|    0|     2|    20|    0|
    |gmem_m_axi_U     |gmem_m_axi     |        0|    0|  4567|  8001|    0|
    |read_data_U0     |read_data      |        0|    0|  2072|  1688|    0|
    |write_data_U0    |write_data     |        0|    0|   652|  1279|    0|
    +-----------------+---------------+---------+-----+------+------+-----+
    |Total            |               |        0|  224| 15754| 20459|    0|
    +-----------------+---------------+---------+-----+------+------+-----+

    * DSP: 
    N/A

    * Memory: 
    N/A

    * FIFO: 
    +-----------------+---------+----+----+-----+------+-----+---------+
    |       Name      | BRAM_18K| FF | LUT| URAM| Depth| Bits| Size:D*B|
    +-----------------+---------+----+----+-----+------+-----+---------+
    |buf_2d_in_10_U   |        0|  36|   0|    -|     2|   16|       32|
    |buf_2d_in_11_U   |        0|  36|   0|    -|     2|   16|       32|
    |buf_2d_in_12_U   |        0|  36|   0|    -|     2|   16|       32|
    |buf_2d_in_13_U   |        0|  36|   0|    -|     2|   16|       32|
    |buf_2d_in_14_U   |        0|  36|   0|    -|     2|   16|       32|
    |buf_2d_in_15_U   |        0|  36|   0|    -|     2|   16|       32|
    |buf_2d_in_16_U   |        0|  36|   0|    -|     2|   16|       32|
    |buf_2d_in_17_U   |        0|  36|   0|    -|     2|   16|       32|
    |buf_2d_in_18_U   |        0|  36|   0|    -|     2|   16|       32|
    |buf_2d_in_19_U   |        0|  36|   0|    -|     2|   16|       32|
    |buf_2d_in_1_U    |        0|  36|   0|    -|     2|   16|       32|
    |buf_2d_in_20_U   |        0|  36|   0|    -|     2|   16|       32|
    |buf_2d_in_21_U   |        0|  36|   0|    -|     2|   16|       32|
    |buf_2d_in_22_U   |        0|  36|   0|    -|     2|   16|       32|
    |buf_2d_in_23_U   |        0|  36|   0|    -|     2|   16|       32|
    |buf_2d_in_24_U   |        0|  36|   0|    -|     2|   16|       32|
    |buf_2d_in_25_U   |        0|  36|   0|    -|     2|   16|       32|
    |buf_2d_in_26_U   |        0|  36|   0|    -|     2|   16|       32|
    |buf_2d_in_27_U   |        0|  36|   0|    -|     2|   16|       32|
    |buf_2d_in_28_U   |        0|  36|   0|    -|     2|   16|       32|
    |buf_2d_in_29_U   |        0|  36|   0|    -|     2|   16|       32|
    |buf_2d_in_2_U    |        0|  36|   0|    -|     2|   16|       32|
    |buf_2d_in_30_U   |        0|  36|   0|    -|     2|   16|       32|
    |buf_2d_in_31_U   |        0|  36|   0|    -|     2|   16|       32|
    |buf_2d_in_32_U   |        0|  36|   0|    -|     2|   16|       32|
    |buf_2d_in_33_U   |        0|  36|   0|    -|     2|   16|       32|
    |buf_2d_in_34_U   |        0|  36|   0|    -|     2|   16|       32|
    |buf_2d_in_35_U   |        0|  36|   0|    -|     2|   16|       32|
    |buf_2d_in_36_U   |        0|  36|   0|    -|     2|   16|       32|
    |buf_2d_in_37_U   |        0|  36|   0|    -|     2|   16|       32|
    |buf_2d_in_38_U   |        0|  36|   0|    -|     2|   16|       32|
    |buf_2d_in_39_U   |        0|  36|   0|    -|     2|   16|       32|
    |buf_2d_in_3_U    |        0|  36|   0|    -|     2|   16|       32|
    |buf_2d_in_40_U   |        0|  36|   0|    -|     2|   16|       32|
    |buf_2d_in_41_U   |        0|  36|   0|    -|     2|   16|       32|
    |buf_2d_in_42_U   |        0|  36|   0|    -|     2|   16|       32|
    |buf_2d_in_43_U   |        0|  36|   0|    -|     2|   16|       32|
    |buf_2d_in_44_U   |        0|  36|   0|    -|     2|   16|       32|
    |buf_2d_in_45_U   |        0|  36|   0|    -|     2|   16|       32|
    |buf_2d_in_46_U   |        0|  36|   0|    -|     2|   16|       32|
    |buf_2d_in_47_U   |        0|  36|   0|    -|     2|   16|       32|
    |buf_2d_in_48_U   |        0|  36|   0|    -|     2|   16|       32|
    |buf_2d_in_49_U   |        0|  36|   0|    -|     2|   16|       32|
    |buf_2d_in_4_U    |        0|  36|   0|    -|     2|   16|       32|
    |buf_2d_in_50_U   |        0|  36|   0|    -|     2|   16|       32|
    |buf_2d_in_51_U   |        0|  36|   0|    -|     2|   16|       32|
    |buf_2d_in_52_U   |        0|  36|   0|    -|     2|   16|       32|
    |buf_2d_in_53_U   |        0|  36|   0|    -|     2|   16|       32|
    |buf_2d_in_54_U   |        0|  36|   0|    -|     2|   16|       32|
    |buf_2d_in_55_U   |        0|  36|   0|    -|     2|   16|       32|
    |buf_2d_in_56_U   |        0|  36|   0|    -|     2|   16|       32|
    |buf_2d_in_57_U   |        0|  36|   0|    -|     2|   16|       32|
    |buf_2d_in_58_U   |        0|  36|   0|    -|     2|   16|       32|
    |buf_2d_in_59_U   |        0|  36|   0|    -|     2|   16|       32|
    |buf_2d_in_5_U    |        0|  36|   0|    -|     2|   16|       32|
    |buf_2d_in_60_U   |        0|  36|   0|    -|     2|   16|       32|
    |buf_2d_in_61_U   |        0|  36|   0|    -|     2|   16|       32|
    |buf_2d_in_62_U   |        0|  36|   0|    -|     2|   16|       32|
    |buf_2d_in_63_U   |        0|  36|   0|    -|     2|   16|       32|
    |buf_2d_in_6_U    |        0|  36|   0|    -|     2|   16|       32|
    |buf_2d_in_7_U    |        0|  36|   0|    -|     2|   16|       32|
    |buf_2d_in_8_U    |        0|  36|   0|    -|     2|   16|       32|
    |buf_2d_in_9_U    |        0|  36|   0|    -|     2|   16|       32|
    |buf_2d_in_U      |        0|  36|   0|    -|     2|   16|       32|
    |buf_2d_out_10_U  |        0|  36|   0|    -|     2|   16|       32|
    |buf_2d_out_11_U  |        0|  36|   0|    -|     2|   16|       32|
    |buf_2d_out_12_U  |        0|  36|   0|    -|     2|   16|       32|
    |buf_2d_out_13_U  |        0|  36|   0|    -|     2|   16|       32|
    |buf_2d_out_14_U  |        0|  36|   0|    -|     2|   16|       32|
    |buf_2d_out_15_U  |        0|  36|   0|    -|     2|   16|       32|
    |buf_2d_out_16_U  |        0|  36|   0|    -|     2|   16|       32|
    |buf_2d_out_17_U  |        0|  36|   0|    -|     2|   16|       32|
    |buf_2d_out_18_U  |        0|  36|   0|    -|     2|   16|       32|
    |buf_2d_out_19_U  |        0|  36|   0|    -|     2|   16|       32|
    |buf_2d_out_1_U   |        0|  36|   0|    -|     2|   16|       32|
    |buf_2d_out_20_U  |        0|  36|   0|    -|     2|   16|       32|
    |buf_2d_out_21_U  |        0|  36|   0|    -|     2|   16|       32|
    |buf_2d_out_22_U  |        0|  36|   0|    -|     2|   16|       32|
    |buf_2d_out_23_U  |        0|  36|   0|    -|     2|   16|       32|
    |buf_2d_out_24_U  |        0|  36|   0|    -|     2|   16|       32|
    |buf_2d_out_25_U  |        0|  36|   0|    -|     2|   16|       32|
    |buf_2d_out_26_U  |        0|  36|   0|    -|     2|   16|       32|
    |buf_2d_out_27_U  |        0|  36|   0|    -|     2|   16|       32|
    |buf_2d_out_28_U  |        0|  36|   0|    -|     2|   16|       32|
    |buf_2d_out_29_U  |        0|  36|   0|    -|     2|   16|       32|
    |buf_2d_out_2_U   |        0|  36|   0|    -|     2|   16|       32|
    |buf_2d_out_30_U  |        0|  36|   0|    -|     2|   16|       32|
    |buf_2d_out_31_U  |        0|  36|   0|    -|     2|   16|       32|
    |buf_2d_out_32_U  |        0|  36|   0|    -|     2|   16|       32|
    |buf_2d_out_33_U  |        0|  36|   0|    -|     2|   16|       32|
    |buf_2d_out_34_U  |        0|  36|   0|    -|     2|   16|       32|
    |buf_2d_out_35_U  |        0|  36|   0|    -|     2|   16|       32|
    |buf_2d_out_36_U  |        0|  36|   0|    -|     2|   16|       32|
    |buf_2d_out_37_U  |        0|  36|   0|    -|     2|   16|       32|
    |buf_2d_out_38_U  |        0|  36|   0|    -|     2|   16|       32|
    |buf_2d_out_39_U  |        0|  36|   0|    -|     2|   16|       32|
    |buf_2d_out_3_U   |        0|  36|   0|    -|     2|   16|       32|
    |buf_2d_out_40_U  |        0|  36|   0|    -|     2|   16|       32|
    |buf_2d_out_41_U  |        0|  36|   0|    -|     2|   16|       32|
    |buf_2d_out_42_U  |        0|  36|   0|    -|     2|   16|       32|
    |buf_2d_out_43_U  |        0|  36|   0|    -|     2|   16|       32|
    |buf_2d_out_44_U  |        0|  36|   0|    -|     2|   16|       32|
    |buf_2d_out_45_U  |        0|  36|   0|    -|     2|   16|       32|
    |buf_2d_out_46_U  |        0|  36|   0|    -|     2|   16|       32|
    |buf_2d_out_47_U  |        0|  36|   0|    -|     2|   16|       32|
    |buf_2d_out_48_U  |        0|  36|   0|    -|     2|   16|       32|
    |buf_2d_out_49_U  |        0|  36|   0|    -|     2|   16|       32|
    |buf_2d_out_4_U   |        0|  36|   0|    -|     2|   16|       32|
    |buf_2d_out_50_U  |        0|  36|   0|    -|     2|   16|       32|
    |buf_2d_out_51_U  |        0|  36|   0|    -|     2|   16|       32|
    |buf_2d_out_52_U  |        0|  36|   0|    -|     2|   16|       32|
    |buf_2d_out_53_U  |        0|  36|   0|    -|     2|   16|       32|
    |buf_2d_out_54_U  |        0|  36|   0|    -|     2|   16|       32|
    |buf_2d_out_55_U  |        0|  36|   0|    -|     2|   16|       32|
    |buf_2d_out_56_U  |        0|  36|   0|    -|     2|   16|       32|
    |buf_2d_out_57_U  |        0|  36|   0|    -|     2|   16|       32|
    |buf_2d_out_58_U  |        0|  36|   0|    -|     2|   16|       32|
    |buf_2d_out_59_U  |        0|  36|   0|    -|     2|   16|       32|
    |buf_2d_out_5_U   |        0|  36|   0|    -|     2|   16|       32|
    |buf_2d_out_60_U  |        0|  36|   0|    -|     2|   16|       32|
    |buf_2d_out_61_U  |        0|  36|   0|    -|     2|   16|       32|
    |buf_2d_out_62_U  |        0|  36|   0|    -|     2|   16|       32|
    |buf_2d_out_63_U  |        0|  36|   0|    -|     2|   16|       32|
    |buf_2d_out_6_U   |        0|  36|   0|    -|     2|   16|       32|
    |buf_2d_out_7_U   |        0|  36|   0|    -|     2|   16|       32|
    |buf_2d_out_8_U   |        0|  36|   0|    -|     2|   16|       32|
    |buf_2d_out_9_U   |        0|  36|   0|    -|     2|   16|       32|
    |buf_2d_out_U     |        0|  36|   0|    -|     2|   16|       32|
    |output_r_c_U     |        0|   7|   0|    -|     9|   64|      576|
    +-----------------+---------+----+----+-----+------+-----+---------+
    |Total            |        0|4615|   0|    0|   265| 2112|     4672|
    +-----------------+---------+----+----+-----+------+-----+---------+

    * Expression: 
    +-------------------------------------+----------+----+---+----+------------+------------+
    |            Variable Name            | Operation| DSP| FF| LUT| Bitwidth P0| Bitwidth P1|
    +-------------------------------------+----------+----+---+----+------------+------------+
    |ap_channel_done_buf_2d_in            |       and|   0|  0|   2|           1|           1|
    |ap_channel_done_buf_2d_in_1          |       and|   0|  0|   2|           1|           1|
    |ap_channel_done_buf_2d_in_10         |       and|   0|  0|   2|           1|           1|
    |ap_channel_done_buf_2d_in_11         |       and|   0|  0|   2|           1|           1|
    |ap_channel_done_buf_2d_in_12         |       and|   0|  0|   2|           1|           1|
    |ap_channel_done_buf_2d_in_13         |       and|   0|  0|   2|           1|           1|
    |ap_channel_done_buf_2d_in_14         |       and|   0|  0|   2|           1|           1|
    |ap_channel_done_buf_2d_in_15         |       and|   0|  0|   2|           1|           1|
    |ap_channel_done_buf_2d_in_16         |       and|   0|  0|   2|           1|           1|
    |ap_channel_done_buf_2d_in_17         |       and|   0|  0|   2|           1|           1|
    |ap_channel_done_buf_2d_in_18         |       and|   0|  0|   2|           1|           1|
    |ap_channel_done_buf_2d_in_19         |       and|   0|  0|   2|           1|           1|
    |ap_channel_done_buf_2d_in_2          |       and|   0|  0|   2|           1|           1|
    |ap_channel_done_buf_2d_in_20         |       and|   0|  0|   2|           1|           1|
    |ap_channel_done_buf_2d_in_21         |       and|   0|  0|   2|           1|           1|
    |ap_channel_done_buf_2d_in_22         |       and|   0|  0|   2|           1|           1|
    |ap_channel_done_buf_2d_in_23         |       and|   0|  0|   2|           1|           1|
    |ap_channel_done_buf_2d_in_24         |       and|   0|  0|   2|           1|           1|
    |ap_channel_done_buf_2d_in_25         |       and|   0|  0|   2|           1|           1|
    |ap_channel_done_buf_2d_in_26         |       and|   0|  0|   2|           1|           1|
    |ap_channel_done_buf_2d_in_27         |       and|   0|  0|   2|           1|           1|
    |ap_channel_done_buf_2d_in_28         |       and|   0|  0|   2|           1|           1|
    |ap_channel_done_buf_2d_in_29         |       and|   0|  0|   2|           1|           1|
    |ap_channel_done_buf_2d_in_3          |       and|   0|  0|   2|           1|           1|
    |ap_channel_done_buf_2d_in_30         |       and|   0|  0|   2|           1|           1|
    |ap_channel_done_buf_2d_in_31         |       and|   0|  0|   2|           1|           1|
    |ap_channel_done_buf_2d_in_32         |       and|   0|  0|   2|           1|           1|
    |ap_channel_done_buf_2d_in_33         |       and|   0|  0|   2|           1|           1|
    |ap_channel_done_buf_2d_in_34         |       and|   0|  0|   2|           1|           1|
    |ap_channel_done_buf_2d_in_35         |       and|   0|  0|   2|           1|           1|
    |ap_channel_done_buf_2d_in_36         |       and|   0|  0|   2|           1|           1|
    |ap_channel_done_buf_2d_in_37         |       and|   0|  0|   2|           1|           1|
    |ap_channel_done_buf_2d_in_38         |       and|   0|  0|   2|           1|           1|
    |ap_channel_done_buf_2d_in_39         |       and|   0|  0|   2|           1|           1|
    |ap_channel_done_buf_2d_in_4          |       and|   0|  0|   2|           1|           1|
    |ap_channel_done_buf_2d_in_40         |       and|   0|  0|   2|           1|           1|
    |ap_channel_done_buf_2d_in_41         |       and|   0|  0|   2|           1|           1|
    |ap_channel_done_buf_2d_in_42         |       and|   0|  0|   2|           1|           1|
    |ap_channel_done_buf_2d_in_43         |       and|   0|  0|   2|           1|           1|
    |ap_channel_done_buf_2d_in_44         |       and|   0|  0|   2|           1|           1|
    |ap_channel_done_buf_2d_in_45         |       and|   0|  0|   2|           1|           1|
    |ap_channel_done_buf_2d_in_46         |       and|   0|  0|   2|           1|           1|
    |ap_channel_done_buf_2d_in_47         |       and|   0|  0|   2|           1|           1|
    |ap_channel_done_buf_2d_in_48         |       and|   0|  0|   2|           1|           1|
    |ap_channel_done_buf_2d_in_49         |       and|   0|  0|   2|           1|           1|
    |ap_channel_done_buf_2d_in_5          |       and|   0|  0|   2|           1|           1|
    |ap_channel_done_buf_2d_in_50         |       and|   0|  0|   2|           1|           1|
    |ap_channel_done_buf_2d_in_51         |       and|   0|  0|   2|           1|           1|
    |ap_channel_done_buf_2d_in_52         |       and|   0|  0|   2|           1|           1|
    |ap_channel_done_buf_2d_in_53         |       and|   0|  0|   2|           1|           1|
    |ap_channel_done_buf_2d_in_54         |       and|   0|  0|   2|           1|           1|
    |ap_channel_done_buf_2d_in_55         |       and|   0|  0|   2|           1|           1|
    |ap_channel_done_buf_2d_in_56         |       and|   0|  0|   2|           1|           1|
    |ap_channel_done_buf_2d_in_57         |       and|   0|  0|   2|           1|           1|
    |ap_channel_done_buf_2d_in_58         |       and|   0|  0|   2|           1|           1|
    |ap_channel_done_buf_2d_in_59         |       and|   0|  0|   2|           1|           1|
    |ap_channel_done_buf_2d_in_6          |       and|   0|  0|   2|           1|           1|
    |ap_channel_done_buf_2d_in_60         |       and|   0|  0|   2|           1|           1|
    |ap_channel_done_buf_2d_in_61         |       and|   0|  0|   2|           1|           1|
    |ap_channel_done_buf_2d_in_62         |       and|   0|  0|   2|           1|           1|
    |ap_channel_done_buf_2d_in_63         |       and|   0|  0|   2|           1|           1|
    |ap_channel_done_buf_2d_in_7          |       and|   0|  0|   2|           1|           1|
    |ap_channel_done_buf_2d_in_8          |       and|   0|  0|   2|           1|           1|
    |ap_channel_done_buf_2d_in_9          |       and|   0|  0|   2|           1|           1|
    |ap_channel_done_buf_2d_out           |       and|   0|  0|   2|           1|           1|
    |ap_channel_done_buf_2d_out_1         |       and|   0|  0|   2|           1|           1|
    |ap_channel_done_buf_2d_out_10        |       and|   0|  0|   2|           1|           1|
    |ap_channel_done_buf_2d_out_11        |       and|   0|  0|   2|           1|           1|
    |ap_channel_done_buf_2d_out_12        |       and|   0|  0|   2|           1|           1|
    |ap_channel_done_buf_2d_out_13        |       and|   0|  0|   2|           1|           1|
    |ap_channel_done_buf_2d_out_14        |       and|   0|  0|   2|           1|           1|
    |ap_channel_done_buf_2d_out_15        |       and|   0|  0|   2|           1|           1|
    |ap_channel_done_buf_2d_out_16        |       and|   0|  0|   2|           1|           1|
    |ap_channel_done_buf_2d_out_17        |       and|   0|  0|   2|           1|           1|
    |ap_channel_done_buf_2d_out_18        |       and|   0|  0|   2|           1|           1|
    |ap_channel_done_buf_2d_out_19        |       and|   0|  0|   2|           1|           1|
    |ap_channel_done_buf_2d_out_2         |       and|   0|  0|   2|           1|           1|
    |ap_channel_done_buf_2d_out_20        |       and|   0|  0|   2|           1|           1|
    |ap_channel_done_buf_2d_out_21        |       and|   0|  0|   2|           1|           1|
    |ap_channel_done_buf_2d_out_22        |       and|   0|  0|   2|           1|           1|
    |ap_channel_done_buf_2d_out_23        |       and|   0|  0|   2|           1|           1|
    |ap_channel_done_buf_2d_out_24        |       and|   0|  0|   2|           1|           1|
    |ap_channel_done_buf_2d_out_25        |       and|   0|  0|   2|           1|           1|
    |ap_channel_done_buf_2d_out_26        |       and|   0|  0|   2|           1|           1|
    |ap_channel_done_buf_2d_out_27        |       and|   0|  0|   2|           1|           1|
    |ap_channel_done_buf_2d_out_28        |       and|   0|  0|   2|           1|           1|
    |ap_channel_done_buf_2d_out_29        |       and|   0|  0|   2|           1|           1|
    |ap_channel_done_buf_2d_out_3         |       and|   0|  0|   2|           1|           1|
    |ap_channel_done_buf_2d_out_30        |       and|   0|  0|   2|           1|           1|
    |ap_channel_done_buf_2d_out_31        |       and|   0|  0|   2|           1|           1|
    |ap_channel_done_buf_2d_out_32        |       and|   0|  0|   2|           1|           1|
    |ap_channel_done_buf_2d_out_33        |       and|   0|  0|   2|           1|           1|
    |ap_channel_done_buf_2d_out_34        |       and|   0|  0|   2|           1|           1|
    |ap_channel_done_buf_2d_out_35        |       and|   0|  0|   2|           1|           1|
    |ap_channel_done_buf_2d_out_36        |       and|   0|  0|   2|           1|           1|
    |ap_channel_done_buf_2d_out_37        |       and|   0|  0|   2|           1|           1|
    |ap_channel_done_buf_2d_out_38        |       and|   0|  0|   2|           1|           1|
    |ap_channel_done_buf_2d_out_39        |       and|   0|  0|   2|           1|           1|
    |ap_channel_done_buf_2d_out_4         |       and|   0|  0|   2|           1|           1|
    |ap_channel_done_buf_2d_out_40        |       and|   0|  0|   2|           1|           1|
    |ap_channel_done_buf_2d_out_41        |       and|   0|  0|   2|           1|           1|
    |ap_channel_done_buf_2d_out_42        |       and|   0|  0|   2|           1|           1|
    |ap_channel_done_buf_2d_out_43        |       and|   0|  0|   2|           1|           1|
    |ap_channel_done_buf_2d_out_44        |       and|   0|  0|   2|           1|           1|
    |ap_channel_done_buf_2d_out_45        |       and|   0|  0|   2|           1|           1|
    |ap_channel_done_buf_2d_out_46        |       and|   0|  0|   2|           1|           1|
    |ap_channel_done_buf_2d_out_47        |       and|   0|  0|   2|           1|           1|
    |ap_channel_done_buf_2d_out_48        |       and|   0|  0|   2|           1|           1|
    |ap_channel_done_buf_2d_out_49        |       and|   0|  0|   2|           1|           1|
    |ap_channel_done_buf_2d_out_5         |       and|   0|  0|   2|           1|           1|
    |ap_channel_done_buf_2d_out_50        |       and|   0|  0|   2|           1|           1|
    |ap_channel_done_buf_2d_out_51        |       and|   0|  0|   2|           1|           1|
    |ap_channel_done_buf_2d_out_52        |       and|   0|  0|   2|           1|           1|
    |ap_channel_done_buf_2d_out_53        |       and|   0|  0|   2|           1|           1|
    |ap_channel_done_buf_2d_out_54        |       and|   0|  0|   2|           1|           1|
    |ap_channel_done_buf_2d_out_55        |       and|   0|  0|   2|           1|           1|
    |ap_channel_done_buf_2d_out_56        |       and|   0|  0|   2|           1|           1|
    |ap_channel_done_buf_2d_out_57        |       and|   0|  0|   2|           1|           1|
    |ap_channel_done_buf_2d_out_58        |       and|   0|  0|   2|           1|           1|
    |ap_channel_done_buf_2d_out_59        |       and|   0|  0|   2|           1|           1|
    |ap_channel_done_buf_2d_out_6         |       and|   0|  0|   2|           1|           1|
    |ap_channel_done_buf_2d_out_60        |       and|   0|  0|   2|           1|           1|
    |ap_channel_done_buf_2d_out_61        |       and|   0|  0|   2|           1|           1|
    |ap_channel_done_buf_2d_out_62        |       and|   0|  0|   2|           1|           1|
    |ap_channel_done_buf_2d_out_63        |       and|   0|  0|   2|           1|           1|
    |ap_channel_done_buf_2d_out_7         |       and|   0|  0|   2|           1|           1|
    |ap_channel_done_buf_2d_out_8         |       and|   0|  0|   2|           1|           1|
    |ap_channel_done_buf_2d_out_9         |       and|   0|  0|   2|           1|           1|
    |ap_idle                              |       and|   0|  0|   2|           1|           1|
    |ap_sync_ready                        |       and|   0|  0|   2|           1|           1|
    |dct_2d_U0_ap_continue                |       and|   0|  0|   2|           1|           1|
    |dct_2d_U0_ap_start                   |       and|   0|  0|   2|           1|           1|
    |entry_proc_U0_ap_start               |       and|   0|  0|   2|           1|           1|
    |read_data_U0_ap_continue             |       and|   0|  0|   2|           1|           1|
    |read_data_U0_ap_start                |       and|   0|  0|   2|           1|           1|
    |write_data_U0_ap_start               |       and|   0|  0|   2|           1|           1|
    |ap_sync_channel_write_buf_2d_in      |        or|   0|  0|   2|           1|           1|
    |ap_sync_channel_write_buf_2d_in_1    |        or|   0|  0|   2|           1|           1|
    |ap_sync_channel_write_buf_2d_in_10   |        or|   0|  0|   2|           1|           1|
    |ap_sync_channel_write_buf_2d_in_11   |        or|   0|  0|   2|           1|           1|
    |ap_sync_channel_write_buf_2d_in_12   |        or|   0|  0|   2|           1|           1|
    |ap_sync_channel_write_buf_2d_in_13   |        or|   0|  0|   2|           1|           1|
    |ap_sync_channel_write_buf_2d_in_14   |        or|   0|  0|   2|           1|           1|
    |ap_sync_channel_write_buf_2d_in_15   |        or|   0|  0|   2|           1|           1|
    |ap_sync_channel_write_buf_2d_in_16   |        or|   0|  0|   2|           1|           1|
    |ap_sync_channel_write_buf_2d_in_17   |        or|   0|  0|   2|           1|           1|
    |ap_sync_channel_write_buf_2d_in_18   |        or|   0|  0|   2|           1|           1|
    |ap_sync_channel_write_buf_2d_in_19   |        or|   0|  0|   2|           1|           1|
    |ap_sync_channel_write_buf_2d_in_2    |        or|   0|  0|   2|           1|           1|
    |ap_sync_channel_write_buf_2d_in_20   |        or|   0|  0|   2|           1|           1|
    |ap_sync_channel_write_buf_2d_in_21   |        or|   0|  0|   2|           1|           1|
    |ap_sync_channel_write_buf_2d_in_22   |        or|   0|  0|   2|           1|           1|
    |ap_sync_channel_write_buf_2d_in_23   |        or|   0|  0|   2|           1|           1|
    |ap_sync_channel_write_buf_2d_in_24   |        or|   0|  0|   2|           1|           1|
    |ap_sync_channel_write_buf_2d_in_25   |        or|   0|  0|   2|           1|           1|
    |ap_sync_channel_write_buf_2d_in_26   |        or|   0|  0|   2|           1|           1|
    |ap_sync_channel_write_buf_2d_in_27   |        or|   0|  0|   2|           1|           1|
    |ap_sync_channel_write_buf_2d_in_28   |        or|   0|  0|   2|           1|           1|
    |ap_sync_channel_write_buf_2d_in_29   |        or|   0|  0|   2|           1|           1|
    |ap_sync_channel_write_buf_2d_in_3    |        or|   0|  0|   2|           1|           1|
    |ap_sync_channel_write_buf_2d_in_30   |        or|   0|  0|   2|           1|           1|
    |ap_sync_channel_write_buf_2d_in_31   |        or|   0|  0|   2|           1|           1|
    |ap_sync_channel_write_buf_2d_in_32   |        or|   0|  0|   2|           1|           1|
    |ap_sync_channel_write_buf_2d_in_33   |        or|   0|  0|   2|           1|           1|
    |ap_sync_channel_write_buf_2d_in_34   |        or|   0|  0|   2|           1|           1|
    |ap_sync_channel_write_buf_2d_in_35   |        or|   0|  0|   2|           1|           1|
    |ap_sync_channel_write_buf_2d_in_36   |        or|   0|  0|   2|           1|           1|
    |ap_sync_channel_write_buf_2d_in_37   |        or|   0|  0|   2|           1|           1|
    |ap_sync_channel_write_buf_2d_in_38   |        or|   0|  0|   2|           1|           1|
    |ap_sync_channel_write_buf_2d_in_39   |        or|   0|  0|   2|           1|           1|
    |ap_sync_channel_write_buf_2d_in_4    |        or|   0|  0|   2|           1|           1|
    |ap_sync_channel_write_buf_2d_in_40   |        or|   0|  0|   2|           1|           1|
    |ap_sync_channel_write_buf_2d_in_41   |        or|   0|  0|   2|           1|           1|
    |ap_sync_channel_write_buf_2d_in_42   |        or|   0|  0|   2|           1|           1|
    |ap_sync_channel_write_buf_2d_in_43   |        or|   0|  0|   2|           1|           1|
    |ap_sync_channel_write_buf_2d_in_44   |        or|   0|  0|   2|           1|           1|
    |ap_sync_channel_write_buf_2d_in_45   |        or|   0|  0|   2|           1|           1|
    |ap_sync_channel_write_buf_2d_in_46   |        or|   0|  0|   2|           1|           1|
    |ap_sync_channel_write_buf_2d_in_47   |        or|   0|  0|   2|           1|           1|
    |ap_sync_channel_write_buf_2d_in_48   |        or|   0|  0|   2|           1|           1|
    |ap_sync_channel_write_buf_2d_in_49   |        or|   0|  0|   2|           1|           1|
    |ap_sync_channel_write_buf_2d_in_5    |        or|   0|  0|   2|           1|           1|
    |ap_sync_channel_write_buf_2d_in_50   |        or|   0|  0|   2|           1|           1|
    |ap_sync_channel_write_buf_2d_in_51   |        or|   0|  0|   2|           1|           1|
    |ap_sync_channel_write_buf_2d_in_52   |        or|   0|  0|   2|           1|           1|
    |ap_sync_channel_write_buf_2d_in_53   |        or|   0|  0|   2|           1|           1|
    |ap_sync_channel_write_buf_2d_in_54   |        or|   0|  0|   2|           1|           1|
    |ap_sync_channel_write_buf_2d_in_55   |        or|   0|  0|   2|           1|           1|
    |ap_sync_channel_write_buf_2d_in_56   |        or|   0|  0|   2|           1|           1|
    |ap_sync_channel_write_buf_2d_in_57   |        or|   0|  0|   2|           1|           1|
    |ap_sync_channel_write_buf_2d_in_58   |        or|   0|  0|   2|           1|           1|
    |ap_sync_channel_write_buf_2d_in_59   |        or|   0|  0|   2|           1|           1|
    |ap_sync_channel_write_buf_2d_in_6    |        or|   0|  0|   2|           1|           1|
    |ap_sync_channel_write_buf_2d_in_60   |        or|   0|  0|   2|           1|           1|
    |ap_sync_channel_write_buf_2d_in_61   |        or|   0|  0|   2|           1|           1|
    |ap_sync_channel_write_buf_2d_in_62   |        or|   0|  0|   2|           1|           1|
    |ap_sync_channel_write_buf_2d_in_63   |        or|   0|  0|   2|           1|           1|
    |ap_sync_channel_write_buf_2d_in_7    |        or|   0|  0|   2|           1|           1|
    |ap_sync_channel_write_buf_2d_in_8    |        or|   0|  0|   2|           1|           1|
    |ap_sync_channel_write_buf_2d_in_9    |        or|   0|  0|   2|           1|           1|
    |ap_sync_channel_write_buf_2d_out     |        or|   0|  0|   2|           1|           1|
    |ap_sync_channel_write_buf_2d_out_1   |        or|   0|  0|   2|           1|           1|
    |ap_sync_channel_write_buf_2d_out_10  |        or|   0|  0|   2|           1|           1|
    |ap_sync_channel_write_buf_2d_out_11  |        or|   0|  0|   2|           1|           1|
    |ap_sync_channel_write_buf_2d_out_12  |        or|   0|  0|   2|           1|           1|
    |ap_sync_channel_write_buf_2d_out_13  |        or|   0|  0|   2|           1|           1|
    |ap_sync_channel_write_buf_2d_out_14  |        or|   0|  0|   2|           1|           1|
    |ap_sync_channel_write_buf_2d_out_15  |        or|   0|  0|   2|           1|           1|
    |ap_sync_channel_write_buf_2d_out_16  |        or|   0|  0|   2|           1|           1|
    |ap_sync_channel_write_buf_2d_out_17  |        or|   0|  0|   2|           1|           1|
    |ap_sync_channel_write_buf_2d_out_18  |        or|   0|  0|   2|           1|           1|
    |ap_sync_channel_write_buf_2d_out_19  |        or|   0|  0|   2|           1|           1|
    |ap_sync_channel_write_buf_2d_out_2   |        or|   0|  0|   2|           1|           1|
    |ap_sync_channel_write_buf_2d_out_20  |        or|   0|  0|   2|           1|           1|
    |ap_sync_channel_write_buf_2d_out_21  |        or|   0|  0|   2|           1|           1|
    |ap_sync_channel_write_buf_2d_out_22  |        or|   0|  0|   2|           1|           1|
    |ap_sync_channel_write_buf_2d_out_23  |        or|   0|  0|   2|           1|           1|
    |ap_sync_channel_write_buf_2d_out_24  |        or|   0|  0|   2|           1|           1|
    |ap_sync_channel_write_buf_2d_out_25  |        or|   0|  0|   2|           1|           1|
    |ap_sync_channel_write_buf_2d_out_26  |        or|   0|  0|   2|           1|           1|
    |ap_sync_channel_write_buf_2d_out_27  |        or|   0|  0|   2|           1|           1|
    |ap_sync_channel_write_buf_2d_out_28  |        or|   0|  0|   2|           1|           1|
    |ap_sync_channel_write_buf_2d_out_29  |        or|   0|  0|   2|           1|           1|
    |ap_sync_channel_write_buf_2d_out_3   |        or|   0|  0|   2|           1|           1|
    |ap_sync_channel_write_buf_2d_out_30  |        or|   0|  0|   2|           1|           1|
    |ap_sync_channel_write_buf_2d_out_31  |        or|   0|  0|   2|           1|           1|
    |ap_sync_channel_write_buf_2d_out_32  |        or|   0|  0|   2|           1|           1|
    |ap_sync_channel_write_buf_2d_out_33  |        or|   0|  0|   2|           1|           1|
    |ap_sync_channel_write_buf_2d_out_34  |        or|   0|  0|   2|           1|           1|
    |ap_sync_channel_write_buf_2d_out_35  |        or|   0|  0|   2|           1|           1|
    |ap_sync_channel_write_buf_2d_out_36  |        or|   0|  0|   2|           1|           1|
    |ap_sync_channel_write_buf_2d_out_37  |        or|   0|  0|   2|           1|           1|
    |ap_sync_channel_write_buf_2d_out_38  |        or|   0|  0|   2|           1|           1|
    |ap_sync_channel_write_buf_2d_out_39  |        or|   0|  0|   2|           1|           1|
    |ap_sync_channel_write_buf_2d_out_4   |        or|   0|  0|   2|           1|           1|
    |ap_sync_channel_write_buf_2d_out_40  |        or|   0|  0|   2|           1|           1|
    |ap_sync_channel_write_buf_2d_out_41  |        or|   0|  0|   2|           1|           1|
    |ap_sync_channel_write_buf_2d_out_42  |        or|   0|  0|   2|           1|           1|
    |ap_sync_channel_write_buf_2d_out_43  |        or|   0|  0|   2|           1|           1|
    |ap_sync_channel_write_buf_2d_out_44  |        or|   0|  0|   2|           1|           1|
    |ap_sync_channel_write_buf_2d_out_45  |        or|   0|  0|   2|           1|           1|
    |ap_sync_channel_write_buf_2d_out_46  |        or|   0|  0|   2|           1|           1|
    |ap_sync_channel_write_buf_2d_out_47  |        or|   0|  0|   2|           1|           1|
    |ap_sync_channel_write_buf_2d_out_48  |        or|   0|  0|   2|           1|           1|
    |ap_sync_channel_write_buf_2d_out_49  |        or|   0|  0|   2|           1|           1|
    |ap_sync_channel_write_buf_2d_out_5   |        or|   0|  0|   2|           1|           1|
    |ap_sync_channel_write_buf_2d_out_50  |        or|   0|  0|   2|           1|           1|
    |ap_sync_channel_write_buf_2d_out_51  |        or|   0|  0|   2|           1|           1|
    |ap_sync_channel_write_buf_2d_out_52  |        or|   0|  0|   2|           1|           1|
    |ap_sync_channel_write_buf_2d_out_53  |        or|   0|  0|   2|           1|           1|
    |ap_sync_channel_write_buf_2d_out_54  |        or|   0|  0|   2|           1|           1|
    |ap_sync_channel_write_buf_2d_out_55  |        or|   0|  0|   2|           1|           1|
    |ap_sync_channel_write_buf_2d_out_56  |        or|   0|  0|   2|           1|           1|
    |ap_sync_channel_write_buf_2d_out_57  |        or|   0|  0|   2|           1|           1|
    |ap_sync_channel_write_buf_2d_out_58  |        or|   0|  0|   2|           1|           1|
    |ap_sync_channel_write_buf_2d_out_59  |        or|   0|  0|   2|           1|           1|
    |ap_sync_channel_write_buf_2d_out_6   |        or|   0|  0|   2|           1|           1|
    |ap_sync_channel_write_buf_2d_out_60  |        or|   0|  0|   2|           1|           1|
    |ap_sync_channel_write_buf_2d_out_61  |        or|   0|  0|   2|           1|           1|
    |ap_sync_channel_write_buf_2d_out_62  |        or|   0|  0|   2|           1|           1|
    |ap_sync_channel_write_buf_2d_out_63  |        or|   0|  0|   2|           1|           1|
    |ap_sync_channel_write_buf_2d_out_7   |        or|   0|  0|   2|           1|           1|
    |ap_sync_channel_write_buf_2d_out_8   |        or|   0|  0|   2|           1|           1|
    |ap_sync_channel_write_buf_2d_out_9   |        or|   0|  0|   2|           1|           1|
    |ap_sync_entry_proc_U0_ap_ready       |        or|   0|  0|   2|           1|           1|
    |ap_sync_read_data_U0_ap_ready        |        or|   0|  0|   2|           1|           1|
    +-------------------------------------+----------+----+---+----+------------+------------+
    |Total                                |          |   0|  0| 532|         266|         266|
    +-------------------------------------+----------+----+---+----+------------+------------+

    * Multiplexer: 
    +-----------------------------------------+----+-----------+-----+-----------+
    |                   Name                  | LUT| Input Size| Bits| Total Bits|
    +-----------------------------------------+----+-----------+-----+-----------+
    |ap_sync_reg_channel_write_buf_2d_in      |   9|          2|    1|          2|
    |ap_sync_reg_channel_write_buf_2d_in_1    |   9|          2|    1|          2|
    |ap_sync_reg_channel_write_buf_2d_in_10   |   9|          2|    1|          2|
    |ap_sync_reg_channel_write_buf_2d_in_11   |   9|          2|    1|          2|
    |ap_sync_reg_channel_write_buf_2d_in_12   |   9|          2|    1|          2|
    |ap_sync_reg_channel_write_buf_2d_in_13   |   9|          2|    1|          2|
    |ap_sync_reg_channel_write_buf_2d_in_14   |   9|          2|    1|          2|
    |ap_sync_reg_channel_write_buf_2d_in_15   |   9|          2|    1|          2|
    |ap_sync_reg_channel_write_buf_2d_in_16   |   9|          2|    1|          2|
    |ap_sync_reg_channel_write_buf_2d_in_17   |   9|          2|    1|          2|
    |ap_sync_reg_channel_write_buf_2d_in_18   |   9|          2|    1|          2|
    |ap_sync_reg_channel_write_buf_2d_in_19   |   9|          2|    1|          2|
    |ap_sync_reg_channel_write_buf_2d_in_2    |   9|          2|    1|          2|
    |ap_sync_reg_channel_write_buf_2d_in_20   |   9|          2|    1|          2|
    |ap_sync_reg_channel_write_buf_2d_in_21   |   9|          2|    1|          2|
    |ap_sync_reg_channel_write_buf_2d_in_22   |   9|          2|    1|          2|
    |ap_sync_reg_channel_write_buf_2d_in_23   |   9|          2|    1|          2|
    |ap_sync_reg_channel_write_buf_2d_in_24   |   9|          2|    1|          2|
    |ap_sync_reg_channel_write_buf_2d_in_25   |   9|          2|    1|          2|
    |ap_sync_reg_channel_write_buf_2d_in_26   |   9|          2|    1|          2|
    |ap_sync_reg_channel_write_buf_2d_in_27   |   9|          2|    1|          2|
    |ap_sync_reg_channel_write_buf_2d_in_28   |   9|          2|    1|          2|
    |ap_sync_reg_channel_write_buf_2d_in_29   |   9|          2|    1|          2|
    |ap_sync_reg_channel_write_buf_2d_in_3    |   9|          2|    1|          2|
    |ap_sync_reg_channel_write_buf_2d_in_30   |   9|          2|    1|          2|
    |ap_sync_reg_channel_write_buf_2d_in_31   |   9|          2|    1|          2|
    |ap_sync_reg_channel_write_buf_2d_in_32   |   9|          2|    1|          2|
    |ap_sync_reg_channel_write_buf_2d_in_33   |   9|          2|    1|          2|
    |ap_sync_reg_channel_write_buf_2d_in_34   |   9|          2|    1|          2|
    |ap_sync_reg_channel_write_buf_2d_in_35   |   9|          2|    1|          2|
    |ap_sync_reg_channel_write_buf_2d_in_36   |   9|          2|    1|          2|
    |ap_sync_reg_channel_write_buf_2d_in_37   |   9|          2|    1|          2|
    |ap_sync_reg_channel_write_buf_2d_in_38   |   9|          2|    1|          2|
    |ap_sync_reg_channel_write_buf_2d_in_39   |   9|          2|    1|          2|
    |ap_sync_reg_channel_write_buf_2d_in_4    |   9|          2|    1|          2|
    |ap_sync_reg_channel_write_buf_2d_in_40   |   9|          2|    1|          2|
    |ap_sync_reg_channel_write_buf_2d_in_41   |   9|          2|    1|          2|
    |ap_sync_reg_channel_write_buf_2d_in_42   |   9|          2|    1|          2|
    |ap_sync_reg_channel_write_buf_2d_in_43   |   9|          2|    1|          2|
    |ap_sync_reg_channel_write_buf_2d_in_44   |   9|          2|    1|          2|
    |ap_sync_reg_channel_write_buf_2d_in_45   |   9|          2|    1|          2|
    |ap_sync_reg_channel_write_buf_2d_in_46   |   9|          2|    1|          2|
    |ap_sync_reg_channel_write_buf_2d_in_47   |   9|          2|    1|          2|
    |ap_sync_reg_channel_write_buf_2d_in_48   |   9|          2|    1|          2|
    |ap_sync_reg_channel_write_buf_2d_in_49   |   9|          2|    1|          2|
    |ap_sync_reg_channel_write_buf_2d_in_5    |   9|          2|    1|          2|
    |ap_sync_reg_channel_write_buf_2d_in_50   |   9|          2|    1|          2|
    |ap_sync_reg_channel_write_buf_2d_in_51   |   9|          2|    1|          2|
    |ap_sync_reg_channel_write_buf_2d_in_52   |   9|          2|    1|          2|
    |ap_sync_reg_channel_write_buf_2d_in_53   |   9|          2|    1|          2|
    |ap_sync_reg_channel_write_buf_2d_in_54   |   9|          2|    1|          2|
    |ap_sync_reg_channel_write_buf_2d_in_55   |   9|          2|    1|          2|
    |ap_sync_reg_channel_write_buf_2d_in_56   |   9|          2|    1|          2|
    |ap_sync_reg_channel_write_buf_2d_in_57   |   9|          2|    1|          2|
    |ap_sync_reg_channel_write_buf_2d_in_58   |   9|          2|    1|          2|
    |ap_sync_reg_channel_write_buf_2d_in_59   |   9|          2|    1|          2|
    |ap_sync_reg_channel_write_buf_2d_in_6    |   9|          2|    1|          2|
    |ap_sync_reg_channel_write_buf_2d_in_60   |   9|          2|    1|          2|
    |ap_sync_reg_channel_write_buf_2d_in_61   |   9|          2|    1|          2|
    |ap_sync_reg_channel_write_buf_2d_in_62   |   9|          2|    1|          2|
    |ap_sync_reg_channel_write_buf_2d_in_63   |   9|          2|    1|          2|
    |ap_sync_reg_channel_write_buf_2d_in_7    |   9|          2|    1|          2|
    |ap_sync_reg_channel_write_buf_2d_in_8    |   9|          2|    1|          2|
    |ap_sync_reg_channel_write_buf_2d_in_9    |   9|          2|    1|          2|
    |ap_sync_reg_channel_write_buf_2d_out     |   9|          2|    1|          2|
    |ap_sync_reg_channel_write_buf_2d_out_1   |   9|          2|    1|          2|
    |ap_sync_reg_channel_write_buf_2d_out_10  |   9|          2|    1|          2|
    |ap_sync_reg_channel_write_buf_2d_out_11  |   9|          2|    1|          2|
    |ap_sync_reg_channel_write_buf_2d_out_12  |   9|          2|    1|          2|
    |ap_sync_reg_channel_write_buf_2d_out_13  |   9|          2|    1|          2|
    |ap_sync_reg_channel_write_buf_2d_out_14  |   9|          2|    1|          2|
    |ap_sync_reg_channel_write_buf_2d_out_15  |   9|          2|    1|          2|
    |ap_sync_reg_channel_write_buf_2d_out_16  |   9|          2|    1|          2|
    |ap_sync_reg_channel_write_buf_2d_out_17  |   9|          2|    1|          2|
    |ap_sync_reg_channel_write_buf_2d_out_18  |   9|          2|    1|          2|
    |ap_sync_reg_channel_write_buf_2d_out_19  |   9|          2|    1|          2|
    |ap_sync_reg_channel_write_buf_2d_out_2   |   9|          2|    1|          2|
    |ap_sync_reg_channel_write_buf_2d_out_20  |   9|          2|    1|          2|
    |ap_sync_reg_channel_write_buf_2d_out_21  |   9|          2|    1|          2|
    |ap_sync_reg_channel_write_buf_2d_out_22  |   9|          2|    1|          2|
    |ap_sync_reg_channel_write_buf_2d_out_23  |   9|          2|    1|          2|
    |ap_sync_reg_channel_write_buf_2d_out_24  |   9|          2|    1|          2|
    |ap_sync_reg_channel_write_buf_2d_out_25  |   9|          2|    1|          2|
    |ap_sync_reg_channel_write_buf_2d_out_26  |   9|          2|    1|          2|
    |ap_sync_reg_channel_write_buf_2d_out_27  |   9|          2|    1|          2|
    |ap_sync_reg_channel_write_buf_2d_out_28  |   9|          2|    1|          2|
    |ap_sync_reg_channel_write_buf_2d_out_29  |   9|          2|    1|          2|
    |ap_sync_reg_channel_write_buf_2d_out_3   |   9|          2|    1|          2|
    |ap_sync_reg_channel_write_buf_2d_out_30  |   9|          2|    1|          2|
    |ap_sync_reg_channel_write_buf_2d_out_31  |   9|          2|    1|          2|
    |ap_sync_reg_channel_write_buf_2d_out_32  |   9|          2|    1|          2|
    |ap_sync_reg_channel_write_buf_2d_out_33  |   9|          2|    1|          2|
    |ap_sync_reg_channel_write_buf_2d_out_34  |   9|          2|    1|          2|
    |ap_sync_reg_channel_write_buf_2d_out_35  |   9|          2|    1|          2|
    |ap_sync_reg_channel_write_buf_2d_out_36  |   9|          2|    1|          2|
    |ap_sync_reg_channel_write_buf_2d_out_37  |   9|          2|    1|          2|
    |ap_sync_reg_channel_write_buf_2d_out_38  |   9|          2|    1|          2|
    |ap_sync_reg_channel_write_buf_2d_out_39  |   9|          2|    1|          2|
    |ap_sync_reg_channel_write_buf_2d_out_4   |   9|          2|    1|          2|
    |ap_sync_reg_channel_write_buf_2d_out_40  |   9|          2|    1|          2|
    |ap_sync_reg_channel_write_buf_2d_out_41  |   9|          2|    1|          2|
    |ap_sync_reg_channel_write_buf_2d_out_42  |   9|          2|    1|          2|
    |ap_sync_reg_channel_write_buf_2d_out_43  |   9|          2|    1|          2|
    |ap_sync_reg_channel_write_buf_2d_out_44  |   9|          2|    1|          2|
    |ap_sync_reg_channel_write_buf_2d_out_45  |   9|          2|    1|          2|
    |ap_sync_reg_channel_write_buf_2d_out_46  |   9|          2|    1|          2|
    |ap_sync_reg_channel_write_buf_2d_out_47  |   9|          2|    1|          2|
    |ap_sync_reg_channel_write_buf_2d_out_48  |   9|          2|    1|          2|
    |ap_sync_reg_channel_write_buf_2d_out_49  |   9|          2|    1|          2|
    |ap_sync_reg_channel_write_buf_2d_out_5   |   9|          2|    1|          2|
    |ap_sync_reg_channel_write_buf_2d_out_50  |   9|          2|    1|          2|
    |ap_sync_reg_channel_write_buf_2d_out_51  |   9|          2|    1|          2|
    |ap_sync_reg_channel_write_buf_2d_out_52  |   9|          2|    1|          2|
    |ap_sync_reg_channel_write_buf_2d_out_53  |   9|          2|    1|          2|
    |ap_sync_reg_channel_write_buf_2d_out_54  |   9|          2|    1|          2|
    |ap_sync_reg_channel_write_buf_2d_out_55  |   9|          2|    1|          2|
    |ap_sync_reg_channel_write_buf_2d_out_56  |   9|          2|    1|          2|
    |ap_sync_reg_channel_write_buf_2d_out_57  |   9|          2|    1|          2|
    |ap_sync_reg_channel_write_buf_2d_out_58  |   9|          2|    1|          2|
    |ap_sync_reg_channel_write_buf_2d_out_59  |   9|          2|    1|          2|
    |ap_sync_reg_channel_write_buf_2d_out_6   |   9|          2|    1|          2|
    |ap_sync_reg_channel_write_buf_2d_out_60  |   9|          2|    1|          2|
    |ap_sync_reg_channel_write_buf_2d_out_61  |   9|          2|    1|          2|
    |ap_sync_reg_channel_write_buf_2d_out_62  |   9|          2|    1|          2|
    |ap_sync_reg_channel_write_buf_2d_out_63  |   9|          2|    1|          2|
    |ap_sync_reg_channel_write_buf_2d_out_7   |   9|          2|    1|          2|
    |ap_sync_reg_channel_write_buf_2d_out_8   |   9|          2|    1|          2|
    |ap_sync_reg_channel_write_buf_2d_out_9   |   9|          2|    1|          2|
    |ap_sync_reg_entry_proc_U0_ap_ready       |   9|          2|    1|          2|
    |ap_sync_reg_read_data_U0_ap_ready        |   9|          2|    1|          2|
    +-----------------------------------------+----+-----------+-----+-----------+
    |Total                                    |1170|        260|  130|        260|
    +-----------------------------------------+----+-----------+-----+-----------+

    * Register: 
    +-----------------------------------------+---+----+-----+-----------+
    |                   Name                  | FF| LUT| Bits| Const Bits|
    +-----------------------------------------+---+----+-----+-----------+
    |ap_rst_n_inv                             |  1|   0|    1|          0|
    |ap_rst_reg_1                             |  1|   0|    1|          0|
    |ap_rst_reg_2                             |  1|   0|    1|          0|
    |ap_sync_reg_channel_write_buf_2d_in      |  1|   0|    1|          0|
    |ap_sync_reg_channel_write_buf_2d_in_1    |  1|   0|    1|          0|
    |ap_sync_reg_channel_write_buf_2d_in_10   |  1|   0|    1|          0|
    |ap_sync_reg_channel_write_buf_2d_in_11   |  1|   0|    1|          0|
    |ap_sync_reg_channel_write_buf_2d_in_12   |  1|   0|    1|          0|
    |ap_sync_reg_channel_write_buf_2d_in_13   |  1|   0|    1|          0|
    |ap_sync_reg_channel_write_buf_2d_in_14   |  1|   0|    1|          0|
    |ap_sync_reg_channel_write_buf_2d_in_15   |  1|   0|    1|          0|
    |ap_sync_reg_channel_write_buf_2d_in_16   |  1|   0|    1|          0|
    |ap_sync_reg_channel_write_buf_2d_in_17   |  1|   0|    1|          0|
    |ap_sync_reg_channel_write_buf_2d_in_18   |  1|   0|    1|          0|
    |ap_sync_reg_channel_write_buf_2d_in_19   |  1|   0|    1|          0|
    |ap_sync_reg_channel_write_buf_2d_in_2    |  1|   0|    1|          0|
    |ap_sync_reg_channel_write_buf_2d_in_20   |  1|   0|    1|          0|
    |ap_sync_reg_channel_write_buf_2d_in_21   |  1|   0|    1|          0|
    |ap_sync_reg_channel_write_buf_2d_in_22   |  1|   0|    1|          0|
    |ap_sync_reg_channel_write_buf_2d_in_23   |  1|   0|    1|          0|
    |ap_sync_reg_channel_write_buf_2d_in_24   |  1|   0|    1|          0|
    |ap_sync_reg_channel_write_buf_2d_in_25   |  1|   0|    1|          0|
    |ap_sync_reg_channel_write_buf_2d_in_26   |  1|   0|    1|          0|
    |ap_sync_reg_channel_write_buf_2d_in_27   |  1|   0|    1|          0|
    |ap_sync_reg_channel_write_buf_2d_in_28   |  1|   0|    1|          0|
    |ap_sync_reg_channel_write_buf_2d_in_29   |  1|   0|    1|          0|
    |ap_sync_reg_channel_write_buf_2d_in_3    |  1|   0|    1|          0|
    |ap_sync_reg_channel_write_buf_2d_in_30   |  1|   0|    1|          0|
    |ap_sync_reg_channel_write_buf_2d_in_31   |  1|   0|    1|          0|
    |ap_sync_reg_channel_write_buf_2d_in_32   |  1|   0|    1|          0|
    |ap_sync_reg_channel_write_buf_2d_in_33   |  1|   0|    1|          0|
    |ap_sync_reg_channel_write_buf_2d_in_34   |  1|   0|    1|          0|
    |ap_sync_reg_channel_write_buf_2d_in_35   |  1|   0|    1|          0|
    |ap_sync_reg_channel_write_buf_2d_in_36   |  1|   0|    1|          0|
    |ap_sync_reg_channel_write_buf_2d_in_37   |  1|   0|    1|          0|
    |ap_sync_reg_channel_write_buf_2d_in_38   |  1|   0|    1|          0|
    |ap_sync_reg_channel_write_buf_2d_in_39   |  1|   0|    1|          0|
    |ap_sync_reg_channel_write_buf_2d_in_4    |  1|   0|    1|          0|
    |ap_sync_reg_channel_write_buf_2d_in_40   |  1|   0|    1|          0|
    |ap_sync_reg_channel_write_buf_2d_in_41   |  1|   0|    1|          0|
    |ap_sync_reg_channel_write_buf_2d_in_42   |  1|   0|    1|          0|
    |ap_sync_reg_channel_write_buf_2d_in_43   |  1|   0|    1|          0|
    |ap_sync_reg_channel_write_buf_2d_in_44   |  1|   0|    1|          0|
    |ap_sync_reg_channel_write_buf_2d_in_45   |  1|   0|    1|          0|
    |ap_sync_reg_channel_write_buf_2d_in_46   |  1|   0|    1|          0|
    |ap_sync_reg_channel_write_buf_2d_in_47   |  1|   0|    1|          0|
    |ap_sync_reg_channel_write_buf_2d_in_48   |  1|   0|    1|          0|
    |ap_sync_reg_channel_write_buf_2d_in_49   |  1|   0|    1|          0|
    |ap_sync_reg_channel_write_buf_2d_in_5    |  1|   0|    1|          0|
    |ap_sync_reg_channel_write_buf_2d_in_50   |  1|   0|    1|          0|
    |ap_sync_reg_channel_write_buf_2d_in_51   |  1|   0|    1|          0|
    |ap_sync_reg_channel_write_buf_2d_in_52   |  1|   0|    1|          0|
    |ap_sync_reg_channel_write_buf_2d_in_53   |  1|   0|    1|          0|
    |ap_sync_reg_channel_write_buf_2d_in_54   |  1|   0|    1|          0|
    |ap_sync_reg_channel_write_buf_2d_in_55   |  1|   0|    1|          0|
    |ap_sync_reg_channel_write_buf_2d_in_56   |  1|   0|    1|          0|
    |ap_sync_reg_channel_write_buf_2d_in_57   |  1|   0|    1|          0|
    |ap_sync_reg_channel_write_buf_2d_in_58   |  1|   0|    1|          0|
    |ap_sync_reg_channel_write_buf_2d_in_59   |  1|   0|    1|          0|
    |ap_sync_reg_channel_write_buf_2d_in_6    |  1|   0|    1|          0|
    |ap_sync_reg_channel_write_buf_2d_in_60   |  1|   0|    1|          0|
    |ap_sync_reg_channel_write_buf_2d_in_61   |  1|   0|    1|          0|
    |ap_sync_reg_channel_write_buf_2d_in_62   |  1|   0|    1|          0|
    |ap_sync_reg_channel_write_buf_2d_in_63   |  1|   0|    1|          0|
    |ap_sync_reg_channel_write_buf_2d_in_7    |  1|   0|    1|          0|
    |ap_sync_reg_channel_write_buf_2d_in_8    |  1|   0|    1|          0|
    |ap_sync_reg_channel_write_buf_2d_in_9    |  1|   0|    1|          0|
    |ap_sync_reg_channel_write_buf_2d_out     |  1|   0|    1|          0|
    |ap_sync_reg_channel_write_buf_2d_out_1   |  1|   0|    1|          0|
    |ap_sync_reg_channel_write_buf_2d_out_10  |  1|   0|    1|          0|
    |ap_sync_reg_channel_write_buf_2d_out_11  |  1|   0|    1|          0|
    |ap_sync_reg_channel_write_buf_2d_out_12  |  1|   0|    1|          0|
    |ap_sync_reg_channel_write_buf_2d_out_13  |  1|   0|    1|          0|
    |ap_sync_reg_channel_write_buf_2d_out_14  |  1|   0|    1|          0|
    |ap_sync_reg_channel_write_buf_2d_out_15  |  1|   0|    1|          0|
    |ap_sync_reg_channel_write_buf_2d_out_16  |  1|   0|    1|          0|
    |ap_sync_reg_channel_write_buf_2d_out_17  |  1|   0|    1|          0|
    |ap_sync_reg_channel_write_buf_2d_out_18  |  1|   0|    1|          0|
    |ap_sync_reg_channel_write_buf_2d_out_19  |  1|   0|    1|          0|
    |ap_sync_reg_channel_write_buf_2d_out_2   |  1|   0|    1|          0|
    |ap_sync_reg_channel_write_buf_2d_out_20  |  1|   0|    1|          0|
    |ap_sync_reg_channel_write_buf_2d_out_21  |  1|   0|    1|          0|
    |ap_sync_reg_channel_write_buf_2d_out_22  |  1|   0|    1|          0|
    |ap_sync_reg_channel_write_buf_2d_out_23  |  1|   0|    1|          0|
    |ap_sync_reg_channel_write_buf_2d_out_24  |  1|   0|    1|          0|
    |ap_sync_reg_channel_write_buf_2d_out_25  |  1|   0|    1|          0|
    |ap_sync_reg_channel_write_buf_2d_out_26  |  1|   0|    1|          0|
    |ap_sync_reg_channel_write_buf_2d_out_27  |  1|   0|    1|          0|
    |ap_sync_reg_channel_write_buf_2d_out_28  |  1|   0|    1|          0|
    |ap_sync_reg_channel_write_buf_2d_out_29  |  1|   0|    1|          0|
    |ap_sync_reg_channel_write_buf_2d_out_3   |  1|   0|    1|          0|
    |ap_sync_reg_channel_write_buf_2d_out_30  |  1|   0|    1|          0|
    |ap_sync_reg_channel_write_buf_2d_out_31  |  1|   0|    1|          0|
    |ap_sync_reg_channel_write_buf_2d_out_32  |  1|   0|    1|          0|
    |ap_sync_reg_channel_write_buf_2d_out_33  |  1|   0|    1|          0|
    |ap_sync_reg_channel_write_buf_2d_out_34  |  1|   0|    1|          0|
    |ap_sync_reg_channel_write_buf_2d_out_35  |  1|   0|    1|          0|
    |ap_sync_reg_channel_write_buf_2d_out_36  |  1|   0|    1|          0|
    |ap_sync_reg_channel_write_buf_2d_out_37  |  1|   0|    1|          0|
    |ap_sync_reg_channel_write_buf_2d_out_38  |  1|   0|    1|          0|
    |ap_sync_reg_channel_write_buf_2d_out_39  |  1|   0|    1|          0|
    |ap_sync_reg_channel_write_buf_2d_out_4   |  1|   0|    1|          0|
    |ap_sync_reg_channel_write_buf_2d_out_40  |  1|   0|    1|          0|
    |ap_sync_reg_channel_write_buf_2d_out_41  |  1|   0|    1|          0|
    |ap_sync_reg_channel_write_buf_2d_out_42  |  1|   0|    1|          0|
    |ap_sync_reg_channel_write_buf_2d_out_43  |  1|   0|    1|          0|
    |ap_sync_reg_channel_write_buf_2d_out_44  |  1|   0|    1|          0|
    |ap_sync_reg_channel_write_buf_2d_out_45  |  1|   0|    1|          0|
    |ap_sync_reg_channel_write_buf_2d_out_46  |  1|   0|    1|          0|
    |ap_sync_reg_channel_write_buf_2d_out_47  |  1|   0|    1|          0|
    |ap_sync_reg_channel_write_buf_2d_out_48  |  1|   0|    1|          0|
    |ap_sync_reg_channel_write_buf_2d_out_49  |  1|   0|    1|          0|
    |ap_sync_reg_channel_write_buf_2d_out_5   |  1|   0|    1|          0|
    |ap_sync_reg_channel_write_buf_2d_out_50  |  1|   0|    1|          0|
    |ap_sync_reg_channel_write_buf_2d_out_51  |  1|   0|    1|          0|
    |ap_sync_reg_channel_write_buf_2d_out_52  |  1|   0|    1|          0|
    |ap_sync_reg_channel_write_buf_2d_out_53  |  1|   0|    1|          0|
    |ap_sync_reg_channel_write_buf_2d_out_54  |  1|   0|    1|          0|
    |ap_sync_reg_channel_write_buf_2d_out_55  |  1|   0|    1|          0|
    |ap_sync_reg_channel_write_buf_2d_out_56  |  1|   0|    1|          0|
    |ap_sync_reg_channel_write_buf_2d_out_57  |  1|   0|    1|          0|
    |ap_sync_reg_channel_write_buf_2d_out_58  |  1|   0|    1|          0|
    |ap_sync_reg_channel_write_buf_2d_out_59  |  1|   0|    1|          0|
    |ap_sync_reg_channel_write_buf_2d_out_6   |  1|   0|    1|          0|
    |ap_sync_reg_channel_write_buf_2d_out_60  |  1|   0|    1|          0|
    |ap_sync_reg_channel_write_buf_2d_out_61  |  1|   0|    1|          0|
    |ap_sync_reg_channel_write_buf_2d_out_62  |  1|   0|    1|          0|
    |ap_sync_reg_channel_write_buf_2d_out_63  |  1|   0|    1|          0|
    |ap_sync_reg_channel_write_buf_2d_out_7   |  1|   0|    1|          0|
    |ap_sync_reg_channel_write_buf_2d_out_8   |  1|   0|    1|          0|
    |ap_sync_reg_channel_write_buf_2d_out_9   |  1|   0|    1|          0|
    |ap_sync_reg_entry_proc_U0_ap_ready       |  1|   0|    1|          0|
    |ap_sync_reg_read_data_U0_ap_ready        |  1|   0|    1|          0|
    +-----------------------------------------+---+----+-----+-----------+
    |Total                                    |133|   0|  133|          0|
    +-----------------------------------------+---+----+-----+-----------+



================================================================
== Interface
================================================================
* Summary: 
+-----------------------+-----+-----+---------------+--------------+--------------+
|       RTL Ports       | Dir | Bits|    Protocol   | Source Object|    C Type    |
+-----------------------+-----+-----+---------------+--------------+--------------+
|s_axi_control_AWVALID  |   in|    1|          s_axi|       control|        scalar|
|s_axi_control_AWREADY  |  out|    1|          s_axi|       control|        scalar|
|s_axi_control_AWADDR   |   in|    6|          s_axi|       control|        scalar|
|s_axi_control_WVALID   |   in|    1|          s_axi|       control|        scalar|
|s_axi_control_WREADY   |  out|    1|          s_axi|       control|        scalar|
|s_axi_control_WDATA    |   in|   32|          s_axi|       control|        scalar|
|s_axi_control_WSTRB    |   in|    4|          s_axi|       control|        scalar|
|s_axi_control_ARVALID  |   in|    1|          s_axi|       control|        scalar|
|s_axi_control_ARREADY  |  out|    1|          s_axi|       control|        scalar|
|s_axi_control_ARADDR   |   in|    6|          s_axi|       control|        scalar|
|s_axi_control_RVALID   |  out|    1|          s_axi|       control|        scalar|
|s_axi_control_RREADY   |   in|    1|          s_axi|       control|        scalar|
|s_axi_control_RDATA    |  out|   32|          s_axi|       control|        scalar|
|s_axi_control_RRESP    |  out|    2|          s_axi|       control|        scalar|
|s_axi_control_BVALID   |  out|    1|          s_axi|       control|        scalar|
|s_axi_control_BREADY   |   in|    1|          s_axi|       control|        scalar|
|s_axi_control_BRESP    |  out|    2|          s_axi|       control|        scalar|
|ap_clk                 |   in|    1|  ap_ctrl_chain|           dct|  return value|
|ap_rst_n               |   in|    1|  ap_ctrl_chain|           dct|  return value|
|interrupt              |  out|    1|  ap_ctrl_chain|           dct|  return value|
|m_axi_gmem_AWVALID     |  out|    1|          m_axi|          gmem|       pointer|
|m_axi_gmem_AWREADY     |   in|    1|          m_axi|          gmem|       pointer|
|m_axi_gmem_AWADDR      |  out|   64|          m_axi|          gmem|       pointer|
|m_axi_gmem_AWID        |  out|    1|          m_axi|          gmem|       pointer|
|m_axi_gmem_AWLEN       |  out|    8|          m_axi|          gmem|       pointer|
|m_axi_gmem_AWSIZE      |  out|    3|          m_axi|          gmem|       pointer|
|m_axi_gmem_AWBURST     |  out|    2|          m_axi|          gmem|       pointer|
|m_axi_gmem_AWLOCK      |  out|    2|          m_axi|          gmem|       pointer|
|m_axi_gmem_AWCACHE     |  out|    4|          m_axi|          gmem|       pointer|
|m_axi_gmem_AWPROT      |  out|    3|          m_axi|          gmem|       pointer|
|m_axi_gmem_AWQOS       |  out|    4|          m_axi|          gmem|       pointer|
|m_axi_gmem_AWREGION    |  out|    4|          m_axi|          gmem|       pointer|
|m_axi_gmem_AWUSER      |  out|    1|          m_axi|          gmem|       pointer|
|m_axi_gmem_WVALID      |  out|    1|          m_axi|          gmem|       pointer|
|m_axi_gmem_WREADY      |   in|    1|          m_axi|          gmem|       pointer|
|m_axi_gmem_WDATA       |  out|  512|          m_axi|          gmem|       pointer|
|m_axi_gmem_WSTRB       |  out|   64|          m_axi|          gmem|       pointer|
|m_axi_gmem_WLAST       |  out|    1|          m_axi|          gmem|       pointer|
|m_axi_gmem_WID         |  out|    1|          m_axi|          gmem|       pointer|
|m_axi_gmem_WUSER       |  out|    1|          m_axi|          gmem|       pointer|
|m_axi_gmem_ARVALID     |  out|    1|          m_axi|          gmem|       pointer|
|m_axi_gmem_ARREADY     |   in|    1|          m_axi|          gmem|       pointer|
|m_axi_gmem_ARADDR      |  out|   64|          m_axi|          gmem|       pointer|
|m_axi_gmem_ARID        |  out|    1|          m_axi|          gmem|       pointer|
|m_axi_gmem_ARLEN       |  out|    8|          m_axi|          gmem|       pointer|
|m_axi_gmem_ARSIZE      |  out|    3|          m_axi|          gmem|       pointer|
|m_axi_gmem_ARBURST     |  out|    2|          m_axi|          gmem|       pointer|
|m_axi_gmem_ARLOCK      |  out|    2|          m_axi|          gmem|       pointer|
|m_axi_gmem_ARCACHE     |  out|    4|          m_axi|          gmem|       pointer|
|m_axi_gmem_ARPROT      |  out|    3|          m_axi|          gmem|       pointer|
|m_axi_gmem_ARQOS       |  out|    4|          m_axi|          gmem|       pointer|
|m_axi_gmem_ARREGION    |  out|    4|          m_axi|          gmem|       pointer|
|m_axi_gmem_ARUSER      |  out|    1|          m_axi|          gmem|       pointer|
|m_axi_gmem_RVALID      |   in|    1|          m_axi|          gmem|       pointer|
|m_axi_gmem_RREADY      |  out|    1|          m_axi|          gmem|       pointer|
|m_axi_gmem_RDATA       |   in|  512|          m_axi|          gmem|       pointer|
|m_axi_gmem_RLAST       |   in|    1|          m_axi|          gmem|       pointer|
|m_axi_gmem_RID         |   in|    1|          m_axi|          gmem|       pointer|
|m_axi_gmem_RUSER       |   in|    1|          m_axi|          gmem|       pointer|
|m_axi_gmem_RRESP       |   in|    2|          m_axi|          gmem|       pointer|
|m_axi_gmem_BVALID      |   in|    1|          m_axi|          gmem|       pointer|
|m_axi_gmem_BREADY      |  out|    1|          m_axi|          gmem|       pointer|
|m_axi_gmem_BRESP       |   in|    2|          m_axi|          gmem|       pointer|
|m_axi_gmem_BID         |   in|    1|          m_axi|          gmem|       pointer|
|m_axi_gmem_BUSER       |   in|    1|          m_axi|          gmem|       pointer|
+-----------------------+-----+-----+---------------+--------------+--------------+

