

================================================================
== Vitis HLS Report for 'dft'
================================================================
* Date:           Thu Mar 30 10:49:11 2023

* Version:        2022.1 (Build 3526262 on Mon Apr 18 15:48:16 MDT 2022)
* Project:        DFT_256_LookUpTable
* Solution:       solution1 (Vivado IP Flow Target)
* Product family: zynq
* Target device:  xc7z020-clg400-1


================================================================
== Performance Estimates
================================================================
+ Timing: 
    * Summary: 
    +--------+----------+----------+------------+
    |  Clock |  Target  | Estimated| Uncertainty|
    +--------+----------+----------+------------+
    |ap_clk  |  10.00 ns|  7.256 ns|     2.70 ns|
    +--------+----------+----------+------------+

+ Latency: 
    * Summary: 
    +---------+---------+-----------+-----------+---------+---------+---------+
    |  Latency (cycles) |   Latency (absolute)  |      Interval     | Pipeline|
    |   min   |   max   |    min    |    max    |   min   |   max   |   Type  |
    +---------+---------+-----------+-----------+---------+---------+---------+
    |  1050115|  1050115|  10.501 ms|  10.501 ms|  1050116|  1050116|       no|
    +---------+---------+-----------+-----------+---------+---------+---------+

    + Detail: 
        * Instance: 
        N/A

        * Loop: 
        +-------------------+---------+---------+----------+-----------+-----------+------+----------+
        |                   |  Latency (cycles) | Iteration|  Initiation Interval  | Trip |          |
        |     Loop Name     |   min   |   max   |  Latency |  achieved |   target  | Count| Pipelined|
        +-------------------+---------+---------+----------+-----------+-----------+------+----------+
        |- READ_LOOP        |      512|      512|         2|          -|          -|   256|        no|
        |- DFT_OUTER_LOOP   |  1049088|  1049088|      4098|          -|          -|   256|        no|
        | + DFT_INNER_LOOP  |     4096|     4096|        16|          -|          -|   256|        no|
        |- WRITE_LOOP       |      512|      512|         2|          -|          -|   256|        no|
        +-------------------+---------+---------+----------+-----------+-----------+------+----------+



================================================================
== Utilization Estimates
================================================================
* Summary: 
+-----------------+---------+-----+--------+-------+-----+
|       Name      | BRAM_18K| DSP |   FF   |  LUT  | URAM|
+-----------------+---------+-----+--------+-------+-----+
|DSP              |        -|    -|       -|      -|    -|
|Expression       |        -|    -|       0|    115|    -|
|FIFO             |        -|    -|       -|      -|    -|
|Instance         |        -|   16|     982|   2064|    -|
|Memory           |        6|    -|       0|      0|    0|
|Multiplexer      |        -|    -|       -|    330|    -|
|Register         |        -|    -|     518|      -|    -|
+-----------------+---------+-----+--------+-------+-----+
|Total            |        6|   16|    1500|   2509|    0|
+-----------------+---------+-----+--------+-------+-----+
|Available        |      280|  220|  106400|  53200|    0|
+-----------------+---------+-----+--------+-------+-----+
|Utilization (%)  |        2|    7|       1|      4|    0|
+-----------------+---------+-----+--------+-------+-----+

+ Detail: 
    * Instance: 
    +---------------------------------------+------------------------------------+---------+----+-----+-----+-----+
    |                Instance               |               Module               | BRAM_18K| DSP|  FF | LUT | URAM|
    +---------------------------------------+------------------------------------+---------+----+-----+-----+-----+
    |fadd_32ns_32ns_32_5_full_dsp_1_U2      |fadd_32ns_32ns_32_5_full_dsp_1      |        0|   2|  205|  390|    0|
    |faddfsub_32ns_32ns_32_5_full_dsp_1_U1  |faddfsub_32ns_32ns_32_5_full_dsp_1  |        0|   2|  205|  390|    0|
    |fmul_32ns_32ns_32_4_max_dsp_1_U3       |fmul_32ns_32ns_32_4_max_dsp_1       |        0|   3|  143|  321|    0|
    |fmul_32ns_32ns_32_4_max_dsp_1_U4       |fmul_32ns_32ns_32_4_max_dsp_1       |        0|   3|  143|  321|    0|
    |fmul_32ns_32ns_32_4_max_dsp_1_U5       |fmul_32ns_32ns_32_4_max_dsp_1       |        0|   3|  143|  321|    0|
    |fmul_32ns_32ns_32_4_max_dsp_1_U6       |fmul_32ns_32ns_32_4_max_dsp_1       |        0|   3|  143|  321|    0|
    +---------------------------------------+------------------------------------+---------+----+-----+-----+-----+
    |Total                                  |                                    |        0|  16|  982| 2064|    0|
    +---------------------------------------+------------------------------------+---------+----+-----+-----+-----+

    * DSP: 
    N/A

    * Memory: 
    +--------------------------+------------------------------------+---------+---+----+-----+------+-----+------+-------------+
    |          Memory          |               Module               | BRAM_18K| FF| LUT| URAM| Words| Bits| Banks| W*Bits*Banks|
    +--------------------------+------------------------------------+---------+---+----+-----+------+-----+------+-------------+
    |cos_coefficients_table_U  |cos_coefficients_table_ROM_AUTO_1R  |        1|  0|   0|    0|   256|   32|     1|         8192|
    |real_in_U                 |real_in_RAM_AUTO_1R1W               |        1|  0|   0|    0|   256|   32|     1|         8192|
    |imag_in_U                 |real_in_RAM_AUTO_1R1W               |        1|  0|   0|    0|   256|   32|     1|         8192|
    |real_out_U                |real_in_RAM_AUTO_1R1W               |        1|  0|   0|    0|   256|   32|     1|         8192|
    |imag_out_U                |real_in_RAM_AUTO_1R1W               |        1|  0|   0|    0|   256|   32|     1|         8192|
    |sin_coefficients_table_U  |sin_coefficients_table_ROM_AUTO_1R  |        1|  0|   0|    0|   256|   32|     1|         8192|
    +--------------------------+------------------------------------+---------+---+----+-----+------+-----+------+-------------+
    |Total                     |                                    |        6|  0|   0|    0|  1536|  192|     6|        49152|
    +--------------------------+------------------------------------+---------+---+----+-----+------+-----+------+-------------+

    * FIFO: 
    N/A

    * Expression: 
    +---------------------+----------+----+---+----+------------+------------+
    |    Variable Name    | Operation| DSP| FF| LUT| Bitwidth P0| Bitwidth P1|
    +---------------------+----------+----+---+----+------------+------------+
    |add_ln10_fu_318_p2   |         +|   0|  0|  14|           9|           1|
    |add_ln24_fu_363_p2   |         +|   0|  0|  14|           9|           1|
    |add_ln28_fu_386_p2   |         +|   0|  0|  14|           9|           1|
    |add_ln29_fu_392_p2   |         +|   0|  0|  15|           8|           8|
    |add_ln42_fu_422_p2   |         +|   0|  0|  14|           9|           1|
    |icmp_ln10_fu_312_p2  |      icmp|   0|  0|  11|           9|          10|
    |icmp_ln24_fu_357_p2  |      icmp|   0|  0|  11|           9|          10|
    |icmp_ln28_fu_380_p2  |      icmp|   0|  0|  11|           9|          10|
    |icmp_ln42_fu_416_p2  |      icmp|   0|  0|  11|           9|          10|
    +---------------------+----------+----+---+----+------------+------------+
    |Total                |          |   0|  0| 115|          80|          52|
    +---------------------+----------+----+---+----+------------+------------+

    * Multiplexer: 
    +----------------------+-----+-----------+-----+-----------+
    |         Name         | LUT | Input Size| Bits| Total Bits|
    +----------------------+-----+-----------+-----+-----------+
    |add14_i_reg_235       |    9|          2|   32|         64|
    |add3723_i_reg_248     |    9|          2|   32|         64|
    |ap_NS_fsm             |  113|         23|    1|         23|
    |grp_fu_272_opcode     |   14|          3|    2|          6|
    |grp_fu_272_p0         |   14|          3|   32|         96|
    |grp_fu_272_p1         |   14|          3|   32|         96|
    |grp_fu_276_p0         |   14|          3|   32|         96|
    |grp_fu_276_p1         |   14|          3|   32|         96|
    |i_1_fu_78             |    9|          2|    9|         18|
    |i_fu_54               |    9|          2|    9|         18|
    |imag_in_address0      |   14|          3|    8|         24|
    |imag_out_address0     |   14|          3|    8|         24|
    |imag_sample_address0  |   14|          3|    8|         24|
    |k_fu_74               |    9|          2|    9|         18|
    |n_reg_224             |    9|          2|    9|         18|
    |phi_mul_reg_261       |    9|          2|    8|         16|
    |real_in_address0      |   14|          3|    8|         24|
    |real_out_address0     |   14|          3|    8|         24|
    |real_sample_address0  |   14|          3|    8|         24|
    +----------------------+-----+-----------+-----+-----------+
    |Total                 |  330|         70|  287|        773|
    +----------------------+-----+-----------+-----+-----------+

    * Register: 
    +-------------------------------------+----+----+-----+-----------+
    |                 Name                | FF | LUT| Bits| Const Bits|
    +-------------------------------------+----+----+-----+-----------+
    |add14_i_reg_235                      |  32|   0|   32|          0|
    |add34_i_reg_588                      |  32|   0|   32|          0|
    |add3723_i_reg_248                    |  32|   0|   32|          0|
    |add_ln24_reg_484                     |   9|   0|    9|          0|
    |add_ln28_reg_509                     |   9|   0|    9|          0|
    |add_ln29_reg_519                     |   8|   0|    8|          0|
    |ap_CS_fsm                            |  22|   0|   22|          0|
    |cos_coefficients_table_load_reg_545  |  32|   0|   32|          0|
    |i_1_fu_78                            |   9|   0|    9|          0|
    |i_fu_54                              |   9|   0|    9|          0|
    |imag_in_load_reg_551                 |  32|   0|   32|          0|
    |imag_out_addr_reg_494                |   8|   0|    8|          0|
    |k_fu_74                              |   9|   0|    9|          0|
    |mul10_i_reg_563                      |  32|   0|   32|          0|
    |mul17_i_reg_568                      |  32|   0|   32|          0|
    |mul26_i_reg_573                      |  32|   0|   32|          0|
    |mul33_i_reg_578                      |  32|   0|   32|          0|
    |n_reg_224                            |   9|   0|    9|          0|
    |phi_mul_reg_261                      |   8|   0|    8|          0|
    |real_in_load_reg_539                 |  32|   0|   32|          0|
    |real_out_addr_reg_489                |   8|   0|    8|          0|
    |sin_coefficients_table_load_reg_557  |  32|   0|   32|          0|
    |sub_i_reg_583                        |  32|   0|   32|          0|
    |trunc_ln29_reg_476                   |   8|   0|    8|          0|
    |zext_ln10_reg_450                    |   9|   0|   64|         55|
    |zext_ln42_reg_603                    |   9|   0|   64|         55|
    +-------------------------------------+----+----+-----+-----------+
    |Total                                | 518|   0|  628|        110|
    +-------------------------------------+----+----+-----+-----------+



================================================================
== Interface
================================================================
* Summary: 
+----------------------+-----+-----+------------+--------------+--------------+
|       RTL Ports      | Dir | Bits|  Protocol  | Source Object|    C Type    |
+----------------------+-----+-----+------------+--------------+--------------+
|ap_clk                |   in|    1|  ap_ctrl_hs|           dft|  return value|
|ap_rst                |   in|    1|  ap_ctrl_hs|           dft|  return value|
|ap_start              |   in|    1|  ap_ctrl_hs|           dft|  return value|
|ap_done               |  out|    1|  ap_ctrl_hs|           dft|  return value|
|ap_idle               |  out|    1|  ap_ctrl_hs|           dft|  return value|
|ap_ready              |  out|    1|  ap_ctrl_hs|           dft|  return value|
|real_sample_address0  |  out|    8|   ap_memory|   real_sample|         array|
|real_sample_ce0       |  out|    1|   ap_memory|   real_sample|         array|
|real_sample_we0       |  out|    1|   ap_memory|   real_sample|         array|
|real_sample_d0        |  out|   32|   ap_memory|   real_sample|         array|
|real_sample_q0        |   in|   32|   ap_memory|   real_sample|         array|
|imag_sample_address0  |  out|    8|   ap_memory|   imag_sample|         array|
|imag_sample_ce0       |  out|    1|   ap_memory|   imag_sample|         array|
|imag_sample_we0       |  out|    1|   ap_memory|   imag_sample|         array|
|imag_sample_d0        |  out|   32|   ap_memory|   imag_sample|         array|
|imag_sample_q0        |   in|   32|   ap_memory|   imag_sample|         array|
+----------------------+-----+-----+------------+--------------+--------------+

