

================================================================
== Vitis HLS Report for 'dft'
================================================================
* Date:           Thu Mar 30 17:49:08 2023

* Version:        2022.1 (Build 3526262 on Mon Apr 18 15:48:16 MDT 2022)
* Project:        DFT_256_IOArray
* Solution:       solution1 (Vivado IP Flow Target)
* Product family: zynq
* Target device:  xc7z020-clg400-1


================================================================
== Performance Estimates
================================================================
+ Timing: 
    * Summary: 
    +--------+----------+----------+------------+
    |  Clock |  Target  | Estimated| Uncertainty|
    +--------+----------+----------+------------+
    |ap_clk  |  10.00 ns|  7.256 ns|     2.70 ns|
    +--------+----------+----------+------------+

+ Latency: 
    * Summary: 
    +---------+---------+-----------+-----------+---------+---------+---------+
    |  Latency (cycles) |   Latency (absolute)  |      Interval     | Pipeline|
    |   min   |   max   |    min    |    max    |   min   |   max   |   Type  |
    +---------+---------+-----------+-----------+---------+---------+---------+
    |  1116164|  1116164|  11.162 ms|  11.162 ms|  1116165|  1116165|       no|
    +---------+---------+-----------+-----------+---------+---------+---------+

    + Detail: 
        * Instance: 
        N/A

        * Loop: 
        +-------------------+---------+---------+----------+-----------+-----------+------+----------+
        |                   |  Latency (cycles) | Iteration|  Initiation Interval  | Trip |          |
        |     Loop Name     |   min   |   max   |  Latency |  achieved |   target  | Count| Pipelined|
        +-------------------+---------+---------+----------+-----------+-----------+------+----------+
        |- READ_LOOP        |      512|      512|         2|          -|          -|   256|        no|
        |- DFT_INIT_LOOP    |      256|      256|         1|          -|          -|   256|        no|
        |- DFT_OUTER_LOOP   |  1114880|  1114880|      4355|          -|          -|   256|        no|
        | + DFT_INNER_LOOP  |     4352|     4352|        17|          -|          -|   256|        no|
        |- WRITE_LOOP       |      512|      512|         2|          -|          -|   256|        no|
        +-------------------+---------+---------+----------+-----------+-----------+------+----------+



================================================================
== Utilization Estimates
================================================================
* Summary: 
+-----------------+---------+-----+--------+-------+-----+
|       Name      | BRAM_18K| DSP |   FF   |  LUT  | URAM|
+-----------------+---------+-----+--------+-------+-----+
|DSP              |        -|    -|       -|      -|    -|
|Expression       |        -|    -|       0|    140|    -|
|FIFO             |        -|    -|       -|      -|    -|
|Instance         |        -|   16|     982|   2064|    -|
|Memory           |        6|    -|       0|      0|    0|
|Multiplexer      |        -|    -|       -|    337|    -|
|Register         |        -|    -|     530|      -|    -|
+-----------------+---------+-----+--------+-------+-----+
|Total            |        6|   16|    1512|   2541|    0|
+-----------------+---------+-----+--------+-------+-----+
|Available        |      280|  220|  106400|  53200|    0|
+-----------------+---------+-----+--------+-------+-----+
|Utilization (%)  |        2|    7|       1|      4|    0|
+-----------------+---------+-----+--------+-------+-----+

+ Detail: 
    * Instance: 
    +---------------------------------------+------------------------------------+---------+----+-----+-----+-----+
    |                Instance               |               Module               | BRAM_18K| DSP|  FF | LUT | URAM|
    +---------------------------------------+------------------------------------+---------+----+-----+-----+-----+
    |fadd_32ns_32ns_32_5_full_dsp_1_U2      |fadd_32ns_32ns_32_5_full_dsp_1      |        0|   2|  205|  390|    0|
    |faddfsub_32ns_32ns_32_5_full_dsp_1_U1  |faddfsub_32ns_32ns_32_5_full_dsp_1  |        0|   2|  205|  390|    0|
    |fmul_32ns_32ns_32_4_max_dsp_1_U3       |fmul_32ns_32ns_32_4_max_dsp_1       |        0|   3|  143|  321|    0|
    |fmul_32ns_32ns_32_4_max_dsp_1_U4       |fmul_32ns_32ns_32_4_max_dsp_1       |        0|   3|  143|  321|    0|
    |fmul_32ns_32ns_32_4_max_dsp_1_U5       |fmul_32ns_32ns_32_4_max_dsp_1       |        0|   3|  143|  321|    0|
    |fmul_32ns_32ns_32_4_max_dsp_1_U6       |fmul_32ns_32ns_32_4_max_dsp_1       |        0|   3|  143|  321|    0|
    +---------------------------------------+------------------------------------+---------+----+-----+-----+-----+
    |Total                                  |                                    |        0|  16|  982| 2064|    0|
    +---------------------------------------+------------------------------------+---------+----+-----+-----+-----+

    * DSP: 
    N/A

    * Memory: 
    +--------------------------+------------------------------------+---------+---+----+-----+------+-----+------+-------------+
    |          Memory          |               Module               | BRAM_18K| FF| LUT| URAM| Words| Bits| Banks| W*Bits*Banks|
    +--------------------------+------------------------------------+---------+---+----+-----+------+-----+------+-------------+
    |cos_coefficients_table_U  |cos_coefficients_table_ROM_AUTO_1R  |        1|  0|   0|    0|   256|   32|     1|         8192|
    |real_in_U                 |real_in_RAM_AUTO_1R1W               |        1|  0|   0|    0|   256|   32|     1|         8192|
    |imag_in_U                 |real_in_RAM_AUTO_1R1W               |        1|  0|   0|    0|   256|   32|     1|         8192|
    |real_out_U                |real_in_RAM_AUTO_1R1W               |        1|  0|   0|    0|   256|   32|     1|         8192|
    |imag_out_U                |real_in_RAM_AUTO_1R1W               |        1|  0|   0|    0|   256|   32|     1|         8192|
    |sin_coefficients_table_U  |sin_coefficients_table_ROM_AUTO_1R  |        1|  0|   0|    0|   256|   32|     1|         8192|
    +--------------------------+------------------------------------+---------+---+----+-----+------+-----+------+-------------+
    |Total                     |                                    |        6|  0|   0|    0|  1536|  192|     6|        49152|
    +--------------------------+------------------------------------+---------+---+----+-----+------+-----+------+-------------+

    * FIFO: 
    N/A

    * Expression: 
    +---------------------+----------+----+---+----+------------+------------+
    |    Variable Name    | Operation| DSP| FF| LUT| Bitwidth P0| Bitwidth P1|
    +---------------------+----------+----+---+----+------------+------------+
    |add_ln10_fu_338_p2   |         +|   0|  0|  14|           9|           1|
    |add_ln24_fu_379_p2   |         +|   0|  0|  14|           9|           1|
    |add_ln30_fu_414_p2   |         +|   0|  0|  14|           9|           1|
    |add_ln32_fu_437_p2   |         +|   0|  0|  14|           9|           1|
    |add_ln33_fu_443_p2   |         +|   0|  0|  15|           8|           8|
    |add_ln46_fu_473_p2   |         +|   0|  0|  14|           9|           1|
    |icmp_ln10_fu_332_p2  |      icmp|   0|  0|  11|           9|          10|
    |icmp_ln24_fu_373_p2  |      icmp|   0|  0|  11|           9|          10|
    |icmp_ln30_fu_408_p2  |      icmp|   0|  0|  11|           9|          10|
    |icmp_ln32_fu_431_p2  |      icmp|   0|  0|  11|           9|          10|
    |icmp_ln46_fu_467_p2  |      icmp|   0|  0|  11|           9|          10|
    +---------------------+----------+----+---+----+------------+------------+
    |Total                |          |   0|  0| 140|          98|          63|
    +---------------------+----------+----+---+----+------------+------------+

    * Multiplexer: 
    +-------------------+-----+-----------+-----+-----------+
    |        Name       | LUT | Input Size| Bits| Total Bits|
    +-------------------+-----+-----------+-----+-----------+
    |ap_NS_fsm          |  117|         26|    1|         26|
    |grp_fu_282_opcode  |   14|          3|    2|          6|
    |grp_fu_282_p0      |   14|          3|   32|         96|
    |grp_fu_282_p1      |   14|          3|   32|         96|
    |grp_fu_286_p0      |   14|          3|   32|         96|
    |grp_fu_286_p1      |   14|          3|   32|         96|
    |i_1_fu_88          |    9|          2|    9|         18|
    |i_fu_60            |    9|          2|    9|         18|
    |imag_in_address0   |   14|          3|    8|         24|
    |imag_out_address0  |   20|          4|    8|         32|
    |imag_out_d0        |   14|          3|   32|         96|
    |k_1_reg_260        |    9|          2|    9|         18|
    |k_fu_80            |    9|          2|    9|         18|
    |n_fu_84            |    9|          2|    9|         18|
    |phi_mul_reg_271    |    9|          2|    8|         16|
    |real_in_address0   |   14|          3|    8|         24|
    |real_out_address0  |   20|          4|    8|         32|
    |real_out_d0        |   14|          3|   32|         96|
    +-------------------+-----+-----------+-----+-----------+
    |Total              |  337|         73|  280|        826|
    +-------------------+-----+-----------+-----+-----------+

    * Register: 
    +-------------------------------------+----+----+-----+-----------+
    |                 Name                | FF | LUT| Bits| Const Bits|
    +-------------------------------------+----+----+-----+-----------+
    |add_ln30_reg_545                     |   9|   0|    9|          0|
    |add_ln32_reg_582                     |   9|   0|    9|          0|
    |add_ln33_reg_587                     |   8|   0|    8|          0|
    |ap_CS_fsm                            |  25|   0|   25|          0|
    |cos_coefficients_table_load_reg_612  |  32|   0|   32|          0|
    |i_1_fu_88                            |   9|   0|    9|          0|
    |i_fu_60                              |   9|   0|    9|          0|
    |imag_in_load_reg_573                 |  32|   0|   32|          0|
    |imag_out_addr_2_reg_607              |   8|   0|    8|          0|
    |imag_out_load_1_reg_649              |  32|   0|   32|          0|
    |k_1_reg_260                          |   9|   0|    9|          0|
    |k_fu_80                              |   9|   0|    9|          0|
    |mul13_i_reg_624                      |  32|   0|   32|          0|
    |mul20_i_reg_629                      |  32|   0|   32|          0|
    |mul29_i_reg_634                      |  32|   0|   32|          0|
    |mul36_i_reg_639                      |  32|   0|   32|          0|
    |n_fu_84                              |   9|   0|    9|          0|
    |phi_mul_reg_271                      |   8|   0|    8|          0|
    |real_in_load_reg_567                 |  32|   0|   32|          0|
    |real_out_addr_2_reg_602              |   8|   0|    8|          0|
    |real_out_load_1_reg_644              |  32|   0|   32|          0|
    |reg_306                              |  32|   0|   32|          0|
    |reg_312                              |  32|   0|   32|          0|
    |sin_coefficients_table_load_reg_618  |  32|   0|   32|          0|
    |trunc_ln33_reg_537                   |   8|   0|    8|          0|
    |zext_ln10_reg_501                    |   9|   0|   64|         55|
    |zext_ln46_reg_654                    |   9|   0|   64|         55|
    +-------------------------------------+----+----+-----+-----------+
    |Total                                | 530|   0|  640|        110|
    +-------------------------------------+----+----+-----+-----------+



================================================================
== Interface
================================================================
* Summary: 
+----------------------+-----+-----+------------+--------------+--------------+
|       RTL Ports      | Dir | Bits|  Protocol  | Source Object|    C Type    |
+----------------------+-----+-----+------------+--------------+--------------+
|ap_clk                |   in|    1|  ap_ctrl_hs|           dft|  return value|
|ap_rst                |   in|    1|  ap_ctrl_hs|           dft|  return value|
|ap_start              |   in|    1|  ap_ctrl_hs|           dft|  return value|
|ap_done               |  out|    1|  ap_ctrl_hs|           dft|  return value|
|ap_idle               |  out|    1|  ap_ctrl_hs|           dft|  return value|
|ap_ready              |  out|    1|  ap_ctrl_hs|           dft|  return value|
|real_sample_address0  |  out|    8|   ap_memory|   real_sample|         array|
|real_sample_ce0       |  out|    1|   ap_memory|   real_sample|         array|
|real_sample_q0        |   in|   32|   ap_memory|   real_sample|         array|
|imag_sample_address0  |  out|    8|   ap_memory|   imag_sample|         array|
|imag_sample_ce0       |  out|    1|   ap_memory|   imag_sample|         array|
|imag_sample_q0        |   in|   32|   ap_memory|   imag_sample|         array|
|Real_freq_address0    |  out|    8|   ap_memory|     Real_freq|         array|
|Real_freq_ce0         |  out|    1|   ap_memory|     Real_freq|         array|
|Real_freq_we0         |  out|    1|   ap_memory|     Real_freq|         array|
|Real_freq_d0          |  out|   32|   ap_memory|     Real_freq|         array|
|Imag_freq_address0    |  out|    8|   ap_memory|     Imag_freq|         array|
|Imag_freq_ce0         |  out|    1|   ap_memory|     Imag_freq|         array|
|Imag_freq_we0         |  out|    1|   ap_memory|     Imag_freq|         array|
|Imag_freq_d0          |  out|   32|   ap_memory|     Imag_freq|         array|
+----------------------+-----+-----+------------+--------------+--------------+

